ARM Linker, RVCT4.0 [Build 524] for uVision [Evaluation]

==============================================================================

Section Cross References

    startup.o(STACK) refers (Special) to heapauxi.o(.text) for __use_two_region_memory
    startup.o(HEAP) refers (Special) to heapauxi.o(.text) for __use_two_region_memory
    startup.o(RESET) refers (Special) to heapauxi.o(.text) for __use_two_region_memory
    startup.o(RESET) refers to startup.o(STACK) for StackMem
    startup.o(RESET) refers to port.o(.emb_text) for vPortSVCHandler
    startup.o(RESET) refers to port.o(.text) for xPortSysTickHandler
    startup.o(RESET) refers to ethisr.o(.text) for ETH0IntHandler
    startup.o(RESET) refers to __main.o(!!!main) for __main
    startup.o(.text) refers (Special) to heapauxi.o(.text) for __use_two_region_memory
    startup.o(.text) refers to startup.o(HEAP) for HeapMem
    startup.o(.text) refers to startup.o(STACK) for StackMem
    croutine.o(.text) refers to list.o(.text) for vListInitialise
    croutine.o(.text) refers to heap_2.o(.text) for pvPortMalloc
    croutine.o(.text) refers to port.o(.emb_text) for vPortSetInterruptMask
    croutine.o(.text) refers to tasks.o(.text) for xTaskGetTickCount
    croutine.o(.text) refers to croutine.o(.bss) for .bss
    croutine.o(.text) refers to croutine.o(.data) for .data
    queue.o(.text) refers to heap_2.o(.text) for pvPortMalloc
    queue.o(.text) refers to list.o(.text) for vListInitialise
    queue.o(.text) refers to port.o(.text) for vPortEnterCritical
    queue.o(.text) refers to tasks.o(.text) for xTaskRemoveFromEventList
    queue.o(.text) refers to rt_memcpy_v6.o(.text) for __aeabi_memcpy
    queue.o(.text) refers to port.o(.emb_text) for vPortSetInterruptMask
    tasks.o(.text) refers (Special) to _printf_c.o(.ARM.Collect$$_printf_percent$$00000013) for _printf_c
    tasks.o(.text) refers (Special) to _printf_dec.o(.text) for _printf_int_dec
    tasks.o(.text) refers (Special) to _printf_percent.o(.ARM.Collect$$_printf_percent$$00000000) for _printf_percent
    tasks.o(.text) refers (Special) to _printf_s.o(.ARM.Collect$$_printf_percent$$00000014) for _printf_s
    tasks.o(.text) refers (Special) to _printf_str.o(.text) for _printf_str
    tasks.o(.text) refers (Special) to _printf_u.o(.ARM.Collect$$_printf_percent$$0000000A) for _printf_u
    tasks.o(.text) refers to list.o(.text) for vListInitialise
    tasks.o(.text) refers to strncpy.o(.text) for strncpy
    tasks.o(.text) refers to heap_2.o(.text) for pvPortMalloc
    tasks.o(.text) refers to aeabi_memset.o(.text) for __aeabi_memset
    tasks.o(.text) refers to port.o(.text) for pxPortInitialiseStack
    tasks.o(.text) refers to tasks.o(.bss) for .bss
    tasks.o(.text) refers to tasks.o(.data) for .data
    tasks.o(.text) refers to port.o(.emb_text) for vPortSetInterruptMask
    tasks.o(.text) refers to __2sprintf.o(.text) for __2sprintf
    tasks.o(.text) refers to strcat.o(.text) for strcat
    tasks.o(.text) refers to sys_arch.o(.text) for sys_arch_switch_ctx
    tasks.o(.bss) refers (Special) to _printf_c.o(.ARM.Collect$$_printf_percent$$00000013) for _printf_c
    tasks.o(.bss) refers (Special) to _printf_dec.o(.text) for _printf_int_dec
    tasks.o(.bss) refers (Special) to _printf_percent.o(.ARM.Collect$$_printf_percent$$00000000) for _printf_percent
    tasks.o(.bss) refers (Special) to _printf_s.o(.ARM.Collect$$_printf_percent$$00000014) for _printf_s
    tasks.o(.bss) refers (Special) to _printf_str.o(.text) for _printf_str
    tasks.o(.bss) refers (Special) to _printf_u.o(.ARM.Collect$$_printf_percent$$0000000A) for _printf_u
    tasks.o(.data) refers (Special) to _printf_c.o(.ARM.Collect$$_printf_percent$$00000013) for _printf_c
    tasks.o(.data) refers (Special) to _printf_dec.o(.text) for _printf_int_dec
    tasks.o(.data) refers (Special) to _printf_percent.o(.ARM.Collect$$_printf_percent$$00000000) for _printf_percent
    tasks.o(.data) refers (Special) to _printf_s.o(.ARM.Collect$$_printf_percent$$00000014) for _printf_s
    tasks.o(.data) refers (Special) to _printf_str.o(.text) for _printf_str
    tasks.o(.data) refers (Special) to _printf_u.o(.ARM.Collect$$_printf_percent$$0000000A) for _printf_u
    port.o(.emb_text) refers to tasks.o(.text) for vTaskSwitchContext
    port.o(.emb_text) refers to tasks.o(.data) for pxCurrentTCB
    port.o(.text) refers to port.o(.emb_text) for vPortStartFirstTask
    port.o(.text) refers to tasks.o(.text) for vTaskIncrementTick
    port.o(.text) refers to port.o(.data) for .data
    heap_2.o(.text) refers to tasks.o(.text) for vTaskSuspendAll
    heap_2.o(.text) refers to heap_2.o(.data) for .data
    heap_2.o(.text) refers to heap_2.o(.bss) for .bss
    uartstdio.o(.text) refers to interrupt.o(i.IntDisable) for IntDisable
    uartstdio.o(.text) refers to uart.o(i.UARTCharPutNonBlocking) for UARTCharPutNonBlocking
    uartstdio.o(.text) refers to uart.o(i.UARTSpaceAvail) for UARTSpaceAvail
[...]

    BuildAttributes$$THM_ISAv4$P$D$K$B$S$PE$A:L22UL41UL21$X:L11$S22US41US21$IEEE1$IW$USESV6$~STKCKD$USESV7$~SHL$OTIME$ROPI$IEEEJ$EBA8$UX$STANDARDLIB$REQ8$PRES8$EABIv2 0x00000000   Number         0  anon$$obj.o ABSOLUTE
    __ARM_use_no_argv                        0x00000000   Number         0  demo-tcp.o ABSOLUTE
    __Vectors                                0x00000000   Data           0  startup.o(RESET)
    _printf_flags                            0x00000000   Number         0  printf_stubs.o ABSOLUTE
    _printf_return_value                     0x00000000   Number         0  printf_stubs.o ABSOLUTE
    _printf_sizespec                         0x00000000   Number         0  printf_stubs.o ABSOLUTE
    _printf_widthprec                        0x00000000   Number         0  printf_stubs.o ABSOLUTE
    __ARM_exceptions_init                     - Undefined Weak Reference
    __alloca_initialize                       - Undefined Weak Reference
    __cpp_initialize__aeabi_                  - Undefined Weak Reference
    __cxa_finalize                            - Undefined Weak Reference
    __sigvec_lookup                           - Undefined Weak Reference
    _atexit_init                              - Undefined Weak Reference
    _call_atexit_fns                          - Undefined Weak Reference
    _clock_init                               - Undefined Weak Reference
    _fp_trap_init                             - Undefined Weak Reference
    _fp_trap_shutdown                         - Undefined Weak Reference
    _get_lc_collate                           - Undefined Weak Reference
    _get_lc_monetary                          - Undefined Weak Reference
    _get_lc_time                              - Undefined Weak Reference
    _getenv_init                              - Undefined Weak Reference
    _handle_redirection                       - Undefined Weak Reference
    _init_alloc                               - Undefined Weak Reference
    _init_user_alloc                          - Undefined Weak Reference
    _initio                                   - Undefined Weak Reference
    _printf_fp_hex                            - Undefined Weak Reference
    _printf_mbtowc                            - Undefined Weak Reference
    _printf_wc                                - Undefined Weak Reference
    _rand_init                                - Undefined Weak Reference
    _signal_finish                            - Undefined Weak Reference
    _signal_init                              - Undefined Weak Reference
    _terminate_alloc                          - Undefined Weak Reference
    _terminate_user_alloc                     - Undefined Weak Reference
    _terminateio                              - Undefined Weak Reference
    Reset_Handler                            0x00000101   Thumb Code     0  startup.o(RESET)
    __main                                   0x0000010d   Thumb Code     8  __main.o(!!!main)
    __scatterload                            0x00000115   Thumb Code     0  __scatter.o(!!!scatter)
    __scatterload_rt2                        0x00000115   Thumb Code    44  __scatter.o(!!!scatter)
    __scatterload_rt2_thumb_only             0x00000115   Thumb Code     0  __scatter.o(!!!scatter)
    __scatterload_null                       0x00000123   Thumb Code     0  __scatter.o(!!!scatter)
    __decompress                             0x00000149   Thumb Code    90  __dczerorl2.o(!!dczerorl2)
    __decompress1                            0x00000149   Thumb Code     0  __dczerorl2.o(!!dczerorl2)
    __scatterload_zeroinit                   0x000001a5   Thumb Code    28  __scatter_zi.o(!!handler_zi)
    _printf_n                                0x000001c1   Thumb Code     0  _printf_n.o(.ARM.Collect$$_printf_percent$$00000001)
    _printf_percent                          0x000001c1   Thumb Code     0  _printf_percent.o(.ARM.Collect$$_printf_percent$$00000000)
    _printf_p                                0x000001c7   Thumb Code     0  _printf_p.o(.ARM.Collect$$_printf_percent$$00000002)
    _printf_f                                0x000001cd   Thumb Code     0  _printf_f.o(.ARM.Collect$$_printf_percent$$00000003)
    _printf_e                                0x000001d3   Thumb Code     0  _printf_e.o(.ARM.Collect$$_printf_percent$$00000004)
    _printf_g                                0x000001d9   Thumb Code     0  _printf_g.o(.ARM.Collect$$_printf_percent$$00000005)
    _printf_a                                0x000001df   Thumb Code     0  _printf_a.o(.ARM.Collect$$_printf_percent$$00000006)
    _printf_ll                               0x000001e5   Thumb Code     0  _printf_ll.o(.ARM.Collect$$_printf_percent$$00000007)
    _printf_i                                0x000001ef   Thumb Code     0  _printf_i.o(.ARM.Collect$$_printf_percent$$00000008)
    _printf_d                                0x000001f5   Thumb Code     0  _printf_d.o(.ARM.Collect$$_printf_percent$$00000009)
    _printf_u                                0x000001fb   Thumb Code     0  _printf_u.o(.ARM.Collect$$_printf_percent$$0000000A)
    _printf_o                                0x00000201   Thumb Code     0  _printf_o.o(.ARM.Collect$$_printf_percent$$0000000B)
    _printf_x                                0x00000207   Thumb Code     0  _printf_x.o(.ARM.Collect$$_printf_percent$$0000000C)
    _printf_lli                              0x0000020d   Thumb Code     0  _printf_lli.o(.ARM.Collect$$_printf_percent$$0000000D)
    _printf_lld                              0x00000213   Thumb Code     0  _printf_lld.o(.ARM.Collect$$_printf_percent$$0000000E)
    _printf_llu                              0x00000219   Thumb Code     0  _printf_llu.o(.ARM.Collect$$_printf_percent$$0000000F)
    _printf_llo                              0x0000021f   Thumb Code     0  _printf_llo.o(.ARM.Collect$$_printf_percent$$00000010)
    _printf_llx                              0x00000225   Thumb Code     0  _printf_llx.o(.ARM.Collect$$_printf_percent$$00000011)
    _printf_l                                0x0000022b   Thumb Code     0  _printf_l.o(.ARM.Collect$$_printf_percent$$00000012)
    _printf_c                                0x00000235   Thumb Code     0  _printf_c.o(.ARM.Collect$$_printf_percent$$00000013)
    _printf_s                                0x0000023b   Thumb Code     0  _printf_s.o(.ARM.Collect$$_printf_percent$$00000014)
    _printf_lc                               0x00000241   Thumb Code     0  _printf_lc.o(.ARM.Collect$$_printf_percent$$00000015)
    _printf_ls                               0x00000247   Thumb Code     0  _printf_ls.o(.ARM.Collect$$_printf_percent$$00000016)
    _printf_percent_end                      0x0000024d   Thumb Code     0  _printf_percent_end.o(.ARM.Collect$$_printf_percent$$00000017)
    __rt_lib_init                            0x00000251   Thumb Code     0  libinit.o(.ARM.Collect$$libinit$$00000000)
    __rt_lib_init_heap_1                     0x00000257   Thumb Code     0  libinit2.o(.ARM.Collect$$libinit$$00000006)
    __rt_lib_init_lc_common                  0x00000257   Thumb Code     0  libinit2.o(.ARM.Collect$$libinit$$0000000B)
    __rt_lib_init_rand_1                     0x00000257   Thumb Code     0  libinit2.o(.ARM.Collect$$libinit$$0000000A)
    __rt_lib_init_user_alloc_1               0x00000257   Thumb Code     0  libinit2.o(.ARM.Collect$$libinit$$00000008)
    __rt_lib_init_lc_collate_1               0x0000025d   Thumb Code     0  libinit2.o(.ARM.Collect$$libinit$$0000000D)
    __rt_lib_init_lc_ctype_2                 0x0000025d   Thumb Code     0  libinit2.o(.ARM.Collect$$libinit$$0000000E)
    __rt_lib_init_lc_ctype_1                 0x00000269   Thumb Code     0  libinit2.o(.ARM.Collect$$libinit$$0000000F)
    __rt_lib_init_lc_monetary_1              0x00000269   Thumb Code     0  libinit2.o(.ARM.Collect$$libinit$$00000011)
    __rt_lib_init_lc_numeric_2               0x00000269   Thumb Code     0  libinit2.o(.ARM.Collect$$libinit$$00000012)
    __rt_lib_init_alloca_1                   0x00000273   Thumb Code     0  libinit2.o(.ARM.Collect$$libinit$$0000002A)
    __rt_lib_init_argv_1                     0x00000273   Thumb Code     0  libinit2.o(.ARM.Collect$$libinit$$00000028)
    __rt_lib_init_atexit_1                   0x00000273   Thumb Code     0  libinit2.o(.ARM.Collect$$libinit$$00000017)
    __rt_lib_init_clock_1                    0x00000273   Thumb Code     0  libinit2.o(.ARM.Collect$$libinit$$0000001D)
    __rt_lib_init_cpp_1                      0x00000273   Thumb Code     0  libinit2.o(.ARM.Collect$$libinit$$0000002E)
    __rt_lib_init_exceptions_1               0x00000273   Thumb Code     0  libinit2.o(.ARM.Collect$$libinit$$0000002C)
    __rt_lib_init_fp_trap_1                  0x00000273   Thumb Code     0  libinit2.o(.ARM.Collect$$libinit$$0000001B)
    __rt_lib_init_getenv_1                   0x00000273   Thumb Code     0  libinit2.o(.ARM.Collect$$libinit$$0000001F)
    __rt_lib_init_lc_numeric_1               0x00000273   Thumb Code     0  libinit2.o(.ARM.Collect$$libinit$$00000013)
    __rt_lib_init_lc_time_1                  0x00000273   Thumb Code     0  libinit2.o(.ARM.Collect$$libinit$$00000015)
    __rt_lib_init_return                     0x00000273   Thumb Code     0  libinit2.o(.ARM.Collect$$libinit$$0000002F)
    __rt_lib_init_signal_1                   0x00000273   Thumb Code     0  libinit2.o(.ARM.Collect$$libinit$$00000019)
    __rt_lib_init_stdio_1                    0x00000273   Thumb Code     0  libinit2.o(.ARM.Collect$$libinit$$00000021)
    __rt_lib_shutdown                        0x00000275   Thumb Code     0  libshutdown.o(.ARM.Collect$$libshutdown$$00000000)
    __rt_lib_shutdown_fp_trap_1              0x00000277   Thumb Code     0  libshutdown2.o(.ARM.Collect$$libshutdown$$00000006)
    __rt_lib_shutdown_heap_1                 0x00000277   Thumb Code     0  libshutdown2.o(.ARM.Collect$$libshutdown$$0000000E)
    __rt_lib_shutdown_return                 0x00000277   Thumb Code     0  libshutdown2.o(.ARM.Collect$$libshutdown$$0000000F)
    __rt_lib_shutdown_signal_1               0x00000277   Thumb Code     0  libshutdown2.o(.ARM.Collect$$libshutdown$$00000009)
    __rt_lib_shutdown_stdio_1                0x00000277   Thumb Code     0  libshutdown2.o(.ARM.Collect$$libshutdown$$00000003)
    __rt_lib_shutdown_user_alloc_1           0x00000277   Thumb Code     0  libshutdown2.o(.ARM.Collect$$libshutdown$$0000000B)
    __rt_entry                               0x00000279   Thumb Code     0  rtentry.o(.ARM.Collect$$rtentry$$00000000)
    __rt_entry_presh_1                       0x00000279   Thumb Code     0  rtentry2.o(.ARM.Collect$$rtentry$$00000002)
    __rt_entry_sh                            0x00000279   Thumb Code     0  rtentry4.o(.ARM.Collect$$rtentry$$00000004)
    __rt_entry_li                            0x0000027f   Thumb Code     0  rtentry2.o(.ARM.Collect$$rtentry$$0000000A)
    __rt_entry_postsh_1                      0x0000027f   Thumb Code     0  rtentry2.o(.ARM.Collect$$rtentry$$00000009)
    __rt_entry_main                          0x00000283   Thumb Code     0  rtentry2.o(.ARM.Collect$$rtentry$$0000000D)
    __rt_entry_postli_1                      0x00000283   Thumb Code     0  rtentry2.o(.ARM.Collect$$rtentry$$0000000C)
    __rt_exit                                0x0000028b   Thumb Code     0  rtexit.o(.ARM.Collect$$rtexit$$00000000)
    __rt_exit_ls                             0x0000028b   Thumb Code     0  rtexit2.o(.ARM.Collect$$rtexit$$00000003)
    __rt_exit_prels_1                        0x0000028b   Thumb Code     0  rtexit2.o(.ARM.Collect$$rtexit$$00000002)
    __rt_exit_exit                           0x0000028f   Thumb Code     0  rtexit2.o(.ARM.Collect$$rtexit$$00000004)
    vPortSVCHandler                          0x00000295   Thumb Code    28  port.o(.emb_text)
    vPortStartFirstTask                      0x000002b5   Thumb Code    12  port.o(.emb_text)
    xPortPendSVHandler                       0x000002c5   Thumb Code    56  port.o(.emb_text)
    vPortSetInterruptMask                    0x00000301   Thumb Code    14  port.o(.emb_text)
    vPortClearInterruptMask                  0x0000030f   Thumb Code    14  port.o(.emb_text)
    SysCtlDelay                              0x0000031d   Thumb Code     6  sysctl.o(.emb_text)
    CPUcpsid                                 0x00000325   Thumb Code     8  cpu.o(.emb_text)
    CPUcpsie                                 0x0000032d   Thumb Code     8  cpu.o(.emb_text)
    CPUwfi                                   0x00000335   Thumb Code     4  cpu.o(.emb_text)
    __user_initial_stackheap                 0x00000339   Thumb Code     0  startup.o(.text)
    vListInitialise                          0x00000351   Thumb Code    26  list.o(.text)
    vListInitialiseItem                      0x0000036b   Thumb Code     6  list.o(.text)
    vListInsertEnd                           0x00000371   Thumb Code    28  list.o(.text)
    vListInsert                              0x0000038d   Thumb Code    50  list.o(.text)
    vListRemove                              0x000003bf   Thumb Code    36  list.o(.text)
    xQueueCreate                             0x000003e3   Thumb Code   110  queue.o(.text)
    xQueueGenericSend                        0x00000547   Thumb Code   202  queue.o(.text)
    xQueueCreateMutex                        0x00000611   Thumb Code    70  queue.o(.text)
    xQueueGiveMutexRecursive                 0x00000657   Thumb Code    46  queue.o(.text)
    xQueueGenericReceive                     0x000006cb   Thumb Code   266  queue.o(.text)
    xQueueTakeMutexRecursive                 0x000007d5   Thumb Code    54  queue.o(.text)
    xQueueCreateCountingSemaphore            0x0000080b   Thumb Code    24  queue.o(.text)
    xQueueGenericSendFromISR                 0x00000823   Thumb Code    90  queue.o(.text)
    xQueueReceiveFromISR                     0x0000087d   Thumb Code    84  queue.o(.text)
    uxQueueMessagesWaiting                   0x000008d1   Thumb Code    18  queue.o(.text)
    uxQueueMessagesWaitingFromISR            0x000008e3   Thumb Code     6  queue.o(.text)
    vQueueDelete                             0x000008e9   Thumb Code    18  queue.o(.text)
    xQueueIsQueueEmptyFromISR                0x000008fb   Thumb Code    16  queue.o(.text)
    xQueueIsQueueFullFromISR                 0x0000090b   Thumb Code    20  queue.o(.text)
    xTaskGenericCreate                       0x000009f7   Thumb Code   292  tasks.o(.text)
    vTaskDelete                              0x00000b1b   Thumb Code   104  tasks.o(.text)
    vTaskIncrementTick                       0x00000b83   Thumb Code   176  tasks.o(.text)
    xTaskResumeAll                           0x00000c33   Thumb Code   212  tasks.o(.text)
    vTaskSuspendAll                          0x00000d07   Thumb Code    30  tasks.o(.text)
    vTaskDelayUntil                          0x00000d25   Thumb Code   150  tasks.o(.text)
    vTaskDelay                               0x00000dbb   Thumb Code    90  tasks.o(.text)
    uxTaskPriorityGet                        0x00000e15   Thumb Code    30  tasks.o(.text)
    vTaskPrioritySet                         0x00000e33   Thumb Code   164  tasks.o(.text)
    vTaskSuspend                             0x00000ed7   Thumb Code    70  tasks.o(.text)
    xTaskIsTaskSuspended                     0x00000f1d   Thumb Code    66  tasks.o(.text)
    vTaskResume                              0x00000f5f   Thumb Code    96  tasks.o(.text)
    xTaskResumeFromISR                       0x00000fbf   Thumb Code   108  tasks.o(.text)
    vTaskStartScheduler                      0x000010b1   Thumb Code    52  tasks.o(.text)
    vTaskEndScheduler                        0x000010e5   Thumb Code    20  tasks.o(.text)
    xTaskGetTickCount                        0x000010f9   Thumb Code    18  tasks.o(.text)
    uxTaskGetNumberOfTasks                   0x0000110b   Thumb Code     8  tasks.o(.text)
    vTaskList                                0x000011b7   Thumb Code   160  tasks.o(.text)
    vTaskStartTrace                          0x00001257   Thumb Code    44  tasks.o(.text)
    ulTaskEndTrace                           0x00001283   Thumb Code    36  tasks.o(.text)
    vTaskCleanUpResources                    0x000012a7   Thumb Code   288  tasks.o(.text)
    vTaskSetApplicationTaskTag               0x000013c7   Thumb Code    28  tasks.o(.text)
    xTaskGetApplicationTaskTag               0x000013e3   Thumb Code    28  tasks.o(.text)
    xTaskCallApplicationTaskHook             0x000013ff   Thumb Code    40  tasks.o(.text)
    vTaskSwitchContext                       0x00001427   Thumb Code   232  tasks.o(.text)
    vTaskPlaceOnEventList                    0x0000150f   Thumb Code   146  tasks.o(.text)
    xTaskRemoveFromEventList                 0x000015a1   Thumb Code   112  tasks.o(.text)
    vTaskSetTimeOutState                     0x00001611   Thumb Code    18  tasks.o(.text)
    xTaskCheckForTimeOut                     0x00001623   Thumb Code   100  tasks.o(.text)
    vTaskMissedYield                         0x00001687   Thumb Code    10  tasks.o(.text)
    uxTaskGetStackHighWaterMark              0x00001691   Thumb Code    34  tasks.o(.text)
    xTaskGetCurrentTaskHandle                0x000016b3   Thumb Code     6  tasks.o(.text)
    vTaskPriorityInherit                     0x000016b9   Thumb Code   112  tasks.o(.text)
    vTaskPriorityDisinherit                  0x00001729   Thumb Code    76  tasks.o(.text)
    pxPortInitialiseStack                    0x00001781   Thumb Code    26  port.o(.text)
    xPortStartScheduler                      0x000017ab   Thumb Code    50  port.o(.text)
    vPortEndScheduler                        0x000017dd   Thumb Code     2  port.o(.text)
    vPortYieldFromISR                        0x000017df   Thumb Code    12  port.o(.text)
    vPortEnterCritical                       0x000017eb   Thumb Code    18  port.o(.text)
    vPortExitCritical                        0x000017fd   Thumb Code    24  port.o(.text)
    xPortSysTickHandler                      0x00001815   Thumb Code    28  port.o(.text)
    pvPortMalloc                             0x00001839   Thumb Code   214  heap_2.o(.text)
    vPortFree                                0x0000190f   Thumb Code    64  heap_2.o(.text)
    xPortGetFreeHeapSize                     0x0000194f   Thumb Code     8  heap_2.o(.text)
    vPortInitialiseBlocks                    0x00001957   Thumb Code     2  heap_2.o(.text)
    UARTFlushTx                              0x00001a13   Thumb Code    48  uartstdio.o(.text)
    UARTFlushRx                              0x00001a43   Thumb Code    28  uartstdio.o(.text)
    UARTStdioInitExpClk                      0x00001a5f   Thumb Code   146  uartstdio.o(.text)
    UARTStdioInit                            0x00001af1   Thumb Code    16  uartstdio.o(.text)
    UARTwrite                                0x00001b01   Thumb Code   140  uartstdio.o(.text)
    UARTgets                                 0x00001b8d   Thumb Code    90  uartstdio.o(.text)
    UARTgetc                                 0x00001be7   Thumb Code    50  uartstdio.o(.text)
    UARTprintf                               0x00001c19   Thumb Code   608  uartstdio.o(.text)
    UARTRxBytesAvail                         0x00001e79   Thumb Code    14  uartstdio.o(.text)
    UARTTxBytesFree                          0x00001e87   Thumb Code    22  uartstdio.o(.text)
    UARTPeek                                 0x00001e9d   Thumb Code    60  uartstdio.o(.text)
    UARTEchoSet                              0x00001ed9   Thumb Code    16  uartstdio.o(.text)
    UARTStdioIntHandler                      0x00001ee9   Thumb Code   322  uartstdio.o(.text)
    vApp3Task                                0x00002049   Thumb Code   278  demo-tcp.o(.text)
    vApp2Task                                0x0000215f   Thumb Code    34  demo-tcp.o(.text)
    vApp1Task                                0x00002181   Thumb Code    14  demo-tcp.o(.text)
    main                                     0x0000218f   Thumb Code   136  demo-tcp.o(.text)
    vApplicationStackOverflowHook            0x00002217   Thumb Code    10  demo-tcp.o(.text)
    sys_mbox_new                             0x00002349   Thumb Code    56  sys_arch.o(.text)
    sys_mbox_free                            0x00002381   Thumb Code    68  sys_arch.o(.text)
    sys_mbox_post                            0x000023c5   Thumb Code    24  sys_arch.o(.text)
    sys_mbox_trypost                         0x000023dd   Thumb Code    48  sys_arch.o(.text)
    sys_arch_mbox_fetch                      0x0000240d   Thumb Code   108  sys_arch.o(.text)
    sys_arch_mbox_tryfetch                   0x00002479   Thumb Code    36  sys_arch.o(.text)
    sys_sem_new                              0x0000249d   Thumb Code   138  sys_arch.o(.text)
    sys_arch_sem_wait                        0x00002527   Thumb Code   110  sys_arch.o(.text)
    sys_sem_signal                           0x00002595   Thumb Code    34  sys_arch.o(.text)
    sys_sem_free                             0x000025b7   Thumb Code    32  sys_arch.o(.text)
    sys_arch_timeouts                        0x000025d7   Thumb Code    30  sys_arch.o(.text)
    sys_init                                 0x000025f5   Thumb Code     2  sys_arch.o(.text)
    vTaskWrapper                             0x000025f7   Thumb Code    70  sys_arch.o(.text)
    sys_thread_new                           0x0000263d   Thumb Code    88  sys_arch.o(.text)
    sys_arch_protect                         0x00002695   Thumb Code    10  sys_arch.o(.text)
    sys_arch_unprotect                       0x0000269f   Thumb Code    10  sys_arch.o(.text)
    sys_assert                               0x000026a9   Thumb Code    10  sys_arch.o(.text)
    sys_arch_switch_ctx                      0x000026b3   Thumb Code     6  sys_arch.o(.text)
    sys_arch_errno                           0x000026b9   Thumb Code    28  sys_arch.o(.text)
    ETH0IntHandler                           0x000026fd   Thumb Code   424  ethisr.o(.text)
    ETHServiceTaskInit                       0x000028a5   Thumb Code   242  ethisr.o(.text)
    ETHServiceTaskFlush                      0x00002997   Thumb Code   506  ethisr.o(.text)
    ETHServiceTaskEnable                     0x00002b91   Thumb Code   306  ethisr.o(.text)
    ETHServiceTaskWaitReady                  0x00002cc3   Thumb Code   140  ethisr.o(.text)
    ETHServiceTaskDisable                    0x00002d4f   Thumb Code   104  ethisr.o(.text)
    ETHServiceTaskLastError                  0x00002db7   Thumb Code   132  ethisr.o(.text)
    ETHServiceTaskLinkStatus                 0x00002e3b   Thumb Code   146  ethisr.o(.text)
    ETHServiceTaskMACAddress                 0x00002ecd   Thumb Code   112  ethisr.o(.text)
    ETHServiceTaskPacketAvail                0x00002f3d   Thumb Code    96  ethisr.o(.text)
    ETHServiceTaskEnableReceive              0x00002f9d   Thumb Code    92  ethisr.o(.text)
    ethernetif_init                          0x0000331f   Thumb Code    48  lwipstack.o(.text)
    LWIPServiceTaskInit                      0x0000334f   Thumb Code   320  lwipstack.o(.text)
    LWIPServiceTaskIPConfigGet               0x0000348f   Thumb Code    76  lwipstack.o(.text)
    LWIPServiceTaskMACGet                    0x000034db   Thumb Code    48  lwipstack.o(.text)
    lwIPNetworkConfigChange                  0x0000350b   Thumb Code   154  lwipstack.o(.text)
    icmp_input                               0x000035a9   Thumb Code   720  icmp.o(.text)
    icmp_dest_unreach                        0x00003933   Thumb Code    18  icmp.o(.text)
    htonl                                    0x00003965   Thumb Code    26  inet.o(.text)
    inet_aton                                0x0000397f   Thumb Code   388  inet.o(.text)
    inet_addr                                0x00003b03   Thumb Code    24  inet.o(.text)
    inet_ntoa                                0x00003b1b   Thumb Code   112  inet.o(.text)
    htons                                    0x00003b8b   Thumb Code    12  inet.o(.text)
    ntohs                                    0x00003b97   Thumb Code    12  inet.o(.text)
    ntohl                                    0x00003ba3   Thumb Code    12  inet.o(.text)
    inet_chksum_pseudo                       0x00003c09   Thumb Code   198  inet_chksum.o(.text)
    inet_chksum                              0x00003ccf   Thumb Code    20  inet_chksum.o(.text)
    inet_chksum_pbuf                         0x00003ce3   Thumb Code    86  inet_chksum.o(.text)
    ip_route                                 0x00003d39   Thumb Code    88  ip.o(.text)
    ip_input                                 0x00003d91   Thumb Code   638  ip.o(.text)
    ip_output_if                             0x0000400f   Thumb Code   368  ip.o(.text)
    ip_output                                0x0000417f   Thumb Code    72  ip.o(.text)
    ip_addr_isbroadcast                      0x000041cd   Thumb Code    78  ip_addr.o(.text)
    dns_setserver                            0x0000421d   Thumb Code    40  dns.o(.text)
    dns_init                                 0x00004459   Thumb Code    76  dns.o(.text)
    dns_getserver                            0x000044a5   Thumb Code    42  dns.o(.text)
    dns_tmr                                  0x00004763   Thumb Code    22  dns.o(.text)
    dns_gethostbyname                        0x000048bf   Thumb Code    86  dns.o(.text)
    lwip_init                                0x0000492d   Thumb Code    28  init.o(.text)
    mem_init                                 0x00004a0f   Thumb Code   104  mem.o(.text)
    mem_free                                 0x00004a77   Thumb Code   218  mem.o(.text)
    mem_realloc                              0x00004b51   Thumb Code   420  mem.o(.text)
    mem_malloc                               0x00004cf5   Thumb Code   550  mem.o(.text)
    mem_calloc                               0x00004f1b   Thumb Code    34  mem.o(.text)
    memp_init                                0x00004f45   Thumb Code   144  memp.o(.text)
    memp_malloc                              0x00004fd5   Thumb Code   204  memp.o(.text)
    memp_free                                0x000050a1   Thumb Code    96  memp.o(.text)
    netif_set_gw                             0x00005125   Thumb Code    18  netif.o(.text)
    netif_set_netmask                        0x00005137   Thumb Code    18  netif.o(.text)
    netif_set_ipaddr                         0x00005149   Thumb Code   144  netif.o(.text)
    netif_set_addr                           0x000051d9   Thumb Code    40  netif.o(.text)
    netif_add                                0x00005201   Thumb Code   138  netif.o(.text)
    netif_set_default                        0x0000528b   Thumb Code    12  netif.o(.text)
    netif_remove                             0x00005297   Thumb Code    78  netif.o(.text)
    netif_find                               0x000052e5   Thumb Code    76  netif.o(.text)
    netif_set_up                             0x00005331   Thumb Code    44  netif.o(.text)
    netif_set_down                           0x0000535d   Thumb Code    24  netif.o(.text)
    netif_is_up                              0x00005375   Thumb Code    12  netif.o(.text)
    pbuf_free                                0x00005409   Thumb Code   206  pbuf.o(.text)
    pbuf_alloc                               0x000054d7   Thumb Code   612  pbuf.o(.text)
    pbuf_realloc                             0x0000573b   Thumb Code   252  pbuf.o(.text)
    pbuf_header                              0x00005837   Thumb Code   186  pbuf.o(.text)
    pbuf_clen                                0x000058f1   Thumb Code    18  pbuf.o(.text)
    pbuf_ref                                 0x00005903   Thumb Code    26  pbuf.o(.text)
    pbuf_cat                                 0x0000591d   Thumb Code   104  pbuf.o(.text)
    pbuf_chain                               0x00005985   Thumb Code    28  pbuf.o(.text)
    pbuf_dechain                             0x000059a1   Thumb Code   114  pbuf.o(.text)
    pbuf_copy                                0x00005a13   Thumb Code   280  pbuf.o(.text)
    pbuf_copy_partial                        0x00005b2b   Thumb Code   170  pbuf.o(.text)
    pbuf_take                                0x00005bd5   Thumb Code   178  pbuf.o(.text)
    pbuf_coalesce                            0x00005c87   Thumb Code    74  pbuf.o(.text)
    raw_input                                0x00005cd1   Thumb Code   100  raw.o(.text)
    raw_bind                                 0x00005d35   Thumb Code    16  raw.o(.text)
    raw_connect                              0x00005d45   Thumb Code    16  raw.o(.text)
    raw_recv                                 0x00005d55   Thumb Code     6  raw.o(.text)
    raw_sendto                               0x00005d5b   Thumb Code   188  raw.o(.text)
    raw_send                                 0x00005e17   Thumb Code    18  raw.o(.text)
    raw_remove                               0x00005e29   Thumb Code    60  raw.o(.text)
    raw_new                                  0x00005e65   Thumb Code    48  raw.o(.text)
    sys_mbox_fetch                           0x00005ead   Thumb Code   140  sys.o(.text)
    sys_sem_wait                             0x00005f39   Thumb Code   128  sys.o(.text)
    sys_timeout                              0x00005fb9   Thumb Code   226  sys.o(.text)
    sys_untimeout                            0x0000609b   Thumb Code   122  sys.o(.text)
    sys_sem_wait_timeout                     0x0000612b   Thumb Code    58  sys.o(.text)
    sys_msleep                               0x00006165   Thumb Code    28  sys.o(.text)
    tcp_seg_free                             0x00006199   Thumb Code    32  tcp.o(.text)
    tcp_segs_free                            0x000061b9   Thumb Code    30  tcp.o(.text)
    tcp_pcb_purge                            0x000061d7   Thumb Code   120  tcp.o(.text)
    tcp_slowtmr                              0x0000624f   Thumb Code   986  tcp.o(.text)
    tcp_pcb_remove                           0x00006629   Thumb Code   246  tcp.o(.text)
    tcp_close                                0x0000671f   Thumb Code   234  tcp.o(.text)
    tcp_update_rcv_ann_wnd                   0x00006809   Thumb Code    70  tcp.o(.text)
    tcp_recved                               0x0000684f   Thumb Code    98  tcp.o(.text)
    tcp_recv_null                            0x000068b1   Thumb Code    46  tcp.o(.text)
    tcp_fasttmr                              0x000068df   Thumb Code   134  tcp.o(.text)
    tcp_tmr                                  0x00006965   Thumb Code    30  tcp.o(.text)
    tcp_abandon                              0x00006983   Thumb Code   164  tcp.o(.text)
    tcp_bind                                 0x00006aad   Thumb Code   256  tcp.o(.text)
    tcp_listen_with_backlog                  0x00006bb5   Thumb Code   208  tcp.o(.text)
    tcp_eff_send_mss                         0x00006c85   Thumb Code    46  tcp.o(.text)
    tcp_next_iss                             0x00006cb3   Thumb Code    24  tcp.o(.text)
    tcp_connect                              0x00006ccb   Thumb Code   292  tcp.o(.text)
    tcp_setprio                              0x00006def   Thumb Code     4  tcp.o(.text)
    tcp_seg_copy                             0x00006df3   Thumb Code    38  tcp.o(.text)
    tcp_alloc                                0x00006ec7   Thumb Code   216  tcp.o(.text)
    tcp_new                                  0x00006f9f   Thumb Code    10  tcp.o(.text)
    tcp_arg                                  0x00006fa9   Thumb Code     4  tcp.o(.text)
    tcp_recv                                 0x00006fad   Thumb Code     6  tcp.o(.text)
    tcp_sent                                 0x00006fb3   Thumb Code     6  tcp.o(.text)
    tcp_err                                  0x00006fb9   Thumb Code     6  tcp.o(.text)
    tcp_accept                               0x00006fbf   Thumb Code     4  tcp.o(.text)
    tcp_poll                                 0x00006fc3   Thumb Code    10  tcp.o(.text)
    tcp_debug_state_str                      0x00006fcd   Thumb Code    10  tcp.o(.text)
    tcp_input                                0x00008689   Thumb Code  1562  tcp_in.o(.text)
    tcp_enqueue                              0x00008d5b   Thumb Code  1518  tcp_out.o(.text)
    tcp_send_ctrl                            0x00009349   Thumb Code    28  tcp_out.o(.text)
    tcp_write                                0x00009365   Thumb Code    82  tcp_out.o(.text)
    tcp_send_empty_ack                       0x000093b7   Thumb Code   124  tcp_out.o(.text)
    tcp_output                               0x0000951f   Thumb Code   522  tcp_out.o(.text)
    tcp_rst                                  0x00009729   Thumb Code   262  tcp_out.o(.text)
    tcp_rexmit_rto                           0x0000982f   Thumb Code    56  tcp_out.o(.text)
    tcp_rexmit                               0x00009867   Thumb Code    78  tcp_out.o(.text)
    tcp_rexmit_fast                          0x000098b5   Thumb Code   126  tcp_out.o(.text)
    tcp_keepalive                            0x00009933   Thumb Code   154  tcp_out.o(.text)
    tcp_zero_window_probe                    0x000099cd   Thumb Code   244  tcp_out.o(.text)
    udp_input                                0x00009ac5   Thumb Code   644  udp.o(.text)
    udp_bind                                 0x00009d49   Thumb Code   166  udp.o(.text)
    udp_sendto_if                            0x00009def   Thumb Code   374  udp.o(.text)
    udp_sendto                               0x00009f65   Thumb Code    74  udp.o(.text)
    udp_send                                 0x00009faf   Thumb Code    20  udp.o(.text)
    udp_connect                              0x00009fc3   Thumb Code   100  udp.o(.text)
    udp_disconnect                           0x0000a027   Thumb Code    28  udp.o(.text)
    udp_recv                                 0x0000a043   Thumb Code     6  udp.o(.text)
    udp_remove                               0x0000a049   Thumb Code    60  udp.o(.text)
    udp_new                                  0x0000a085   Thumb Code    28  udp.o(.text)
    netconn_new_with_proto_and_callback      0x0000a0ad   Thumb Code   140  api_lib.o(.text)
    netconn_delete                           0x0000a139   Thumb Code    40  api_lib.o(.text)
    netconn_getaddr                          0x0000a161   Thumb Code   100  api_lib.o(.text)
    netconn_bind                             0x0000a1c5   Thumb Code    56  api_lib.o(.text)
    netconn_connect                          0x0000a1fd   Thumb Code    56  api_lib.o(.text)
    netconn_disconnect                       0x0000a235   Thumb Code    46  api_lib.o(.text)
    netconn_listen_with_backlog              0x0000a263   Thumb Code    48  api_lib.o(.text)
    netconn_accept                           0x0000a293   Thumb Code    74  api_lib.o(.text)
    netconn_recv                             0x0000a2dd   Thumb Code   310  api_lib.o(.text)
    netconn_send                             0x0000a413   Thumb Code    58  api_lib.o(.text)
    netconn_sendto                           0x0000a44d   Thumb Code    36  api_lib.o(.text)
    netconn_write                            0x0000a471   Thumb Code   148  api_lib.o(.text)
    netconn_close                            0x0000a505   Thumb Code    50  api_lib.o(.text)
    netconn_gethostbyname                    0x0000a537   Thumb Code   112  api_lib.o(.text)
    netconn_free                             0x0000ab6f   Thumb Code   130  api_msg.o(.text)
    netconn_alloc                            0x0000abf1   Thumb Code   106  api_msg.o(.text)
    do_newconn                               0x0000ad91   Thumb Code    26  api_msg.o(.text)
    do_delconn                               0x0000adab   Thumb Code   124  api_msg.o(.text)
    do_bind                                  0x0000ae27   Thumb Code   114  api_msg.o(.text)
    do_connect                               0x0000aee9   Thumb Code   162  api_msg.o(.text)
    do_disconnect                            0x0000af8b   Thumb Code    34  api_msg.o(.text)
    do_listen                                0x0000afad   Thumb Code   160  api_msg.o(.text)
    do_send                                  0x0000b04d   Thumb Code   144  api_msg.o(.text)
    do_recv                                  0x0000b0dd   Thumb Code    50  api_msg.o(.text)
    do_write                                 0x0000b10f   Thumb Code    98  api_msg.o(.text)
    do_getaddr                               0x0000b171   Thumb Code   180  api_msg.o(.text)
    do_close                                 0x0000b225   Thumb Code    48  api_msg.o(.text)
    do_gethostbyname                         0x0000b29f   Thumb Code    42  api_msg.o(.text)
    netbuf_new                               0x0000b2d5   Thumb Code    30  netbuf.o(.text)
    netbuf_delete                            0x0000b2f3   Thumb Code    32  netbuf.o(.text)
    netbuf_alloc                             0x0000b313   Thumb Code    84  netbuf.o(.text)
    netbuf_free                              0x0000b367   Thumb Code    38  netbuf.o(.text)
    netbuf_ref                               0x0000b38d   Thumb Code    82  netbuf.o(.text)
    netbuf_chain                             0x0000b3df   Thumb Code    60  netbuf.o(.text)
    netbuf_data                              0x0000b41b   Thumb Code    94  netbuf.o(.text)
    netbuf_next                              0x0000b479   Thumb Code    56  netbuf.o(.text)
    netbuf_first                             0x0000b4b1   Thumb Code    26  netbuf.o(.text)
    lwip_socket_init                         0x0000b4e5   Thumb Code    26  sockets.o(.text)
    lwip_accept                              0x0000b715   Thumb Code   526  sockets.o(.text)
    lwip_bind                                0x0000b923   Thumb Code   204  sockets.o(.text)
    lwip_close                               0x0000b9ef   Thumb Code    84  sockets.o(.text)
    lwip_connect                             0x0000ba43   Thumb Code   226  sockets.o(.text)
    lwip_listen                              0x0000bb25   Thumb Code   120  sockets.o(.text)
    lwip_recvfrom                            0x0000bb9d   Thumb Code   702  sockets.o(.text)
    lwip_read                                0x0000be5b   Thumb Code    26  sockets.o(.text)
    lwip_recv                                0x0000be75   Thumb Code    34  sockets.o(.text)
    lwip_sendto                              0x0000be97   Thumb Code   302  sockets.o(.text)
    lwip_send                                0x0000bfc5   Thumb Code   152  sockets.o(.text)
    lwip_socket                              0x0000c05d   Thumb Code   190  sockets.o(.text)
    lwip_write                               0x0000c11b   Thumb Code    22  sockets.o(.text)
    lwip_select                              0x0000c233   Thumb Code   486  sockets.o(.text)
    lwip_shutdown                            0x0000c419   Thumb Code    20  sockets.o(.text)
    lwip_getpeername                         0x0000c4cb   Thumb Code    22  sockets.o(.text)
    lwip_getsockname                         0x0000c4e1   Thumb Code    22  sockets.o(.text)
    lwip_getsockopt                          0x0000c69d   Thumb Code   444  sockets.o(.text)
    lwip_setsockopt                          0x0000c9a3   Thumb Code   394  sockets.o(.text)
    lwip_ioctl                               0x0000cb2d   Thumb Code   252  sockets.o(.text)
    tcp_timer_needed                         0x0000cc51   Thumb Code    38  tcpip.o(.text)
    tcpip_input                              0x0000cd9b   Thumb Code    76  tcpip.o(.text)
    tcpip_callback_with_block                0x0000cde7   Thumb Code    98  tcpip.o(.text)
    tcpip_timeout                            0x0000ce49   Thumb Code    68  tcpip.o(.text)
    tcpip_untimeout                          0x0000ce8d   Thumb Code    60  tcpip.o(.text)
    tcpip_apimsg                             0x0000cec9   Thumb Code    56  tcpip.o(.text)
    tcpip_init                               0x0000cf01   Thumb Code    52  tcpip.o(.text)
    pbuf_free_callback                       0x0000cf43   Thumb Code    16  tcpip.o(.text)
    mem_free_callback                        0x0000cf53   Thumb Code    16  tcpip.o(.text)
    etharp_tmr                               0x0000cfe5   Thumb Code   172  etharp.o(.text)
    etharp_find_addr                         0x0000d49f   Thumb Code    78  etharp.o(.text)
    etharp_ip_input                          0x0000d4ed   Thumb Code    78  etharp.o(.text)
    etharp_arp_input                         0x0000d53b   Thumb Code   504  etharp.o(.text)
    etharp_request                           0x0000d87d   Thumb Code    42  etharp.o(.text)
    etharp_query                             0x0000d8a7   Thumb Code   540  etharp.o(.text)
    etharp_output                            0x0000dac3   Thumb Code   206  etharp.o(.text)
    ethernet_input                           0x0000db91   Thumb Code   152  etharp.o(.text)
    bMBPPortLogIsEnabled                     0x0000dc39   Thumb Code    12  mbportother.o(.text)
    pszMBPModule2String                      0x0000dc45   Thumb Code    90  mbportother.o(.text)
    pszMBPLevel2String                       0x0000dc9f   Thumb Code    42  mbportother.o(.text)
    vMBPPortLogLWIP                          0x0000dcc9   Thumb Code   150  mbportother.o(.text)
    vMBPPortLog                              0x0000dd5f   Thumb Code   204  mbportother.o(.text)
    vMBPAssert                               0x0000de2b   Thumb Code    30  mbportother.o(.text)
    vMBPInit                                 0x0000de49   Thumb Code    88  mbportother.o(.text)
    vMBPEnterCritical                        0x0000dea1   Thumb Code    52  mbportother.o(.text)
    vMBPExitCritical                         0x0000ded5   Thumb Code    32  mbportother.o(.text)
    vMBPTimerTask                            0x0000dfcd   Thumb Code    90  mbporttimer.o(.text)
    eMBPTimerInit                            0x0000e027   Thumb Code   316  mbporttimer.o(.text)
    vMBPTimerClose                           0x0000e163   Thumb Code    44  mbporttimer.o(.text)
    eMBPTimerSetTimeout                      0x0000e18f   Thumb Code    54  mbporttimer.o(.text)
    eMBPTimerStart                           0x0000e1c5   Thumb Code    52  mbporttimer.o(.text)
    eMBPTimerStop                            0x0000e1f9   Thumb Code    48  mbporttimer.o(.text)
    eMBPTCPClientInit                        0x0000e533   Thumb Code   220  mbporttcp.o(.text)
    eMBPTCPClientOpen                        0x0000e60f   Thumb Code   746  mbporttcp.o(.text)
    eMBPTCPClientClose                       0x0000e8f9   Thumb Code    48  mbporttcp.o(.text)
    vprvMBTCPServerAcceptClient              0x0000e929   Thumb Code   296  mbporttcp.o(.text)
    eMBPTCPServerInit                        0x0000ee7b   Thumb Code   532  mbporttcp.o(.text)
    eMBTCPServerClose                        0x0000f08f   Thumb Code    74  mbporttcp.o(.text)
    eMBPTCPConClose                          0x0000f0f7   Thumb Code    78  mbporttcp.o(.text)
    eMBPTCPConRead                           0x0000f145   Thumb Code   720  mbporttcp.o(.text)
    eMBPTCPConWrite                          0x0000f415   Thumb Code   168  mbporttcp.o(.text)
    eMBMTCPFrameInit                         0x0000f983   Thumb Code   370  mbmtcp.o(.text)
    eMBMTCPFrameDisconnect                   0x0000faf5   Thumb Code    90  mbmtcp.o(.text)
    eMBMTCPFrameConnect                      0x0000fb4f   Thumb Code   112  mbmtcp.o(.text)
    bMBMIsHdlValid                           0x0000fbdd   Thumb Code    30  mbm.o(.text)
    eMBMSetSlaveTimeout                      0x0000fd9f   Thumb Code    58  mbm.o(.text)
    eMBMClose                                0x0000fdd9   Thumb Code    50  mbm.o(.text)
    vMBMMasterTransactionPolled              0x0000fe0b   Thumb Code   218  mbm.o(.text)
    eMBMSerialInit                           0x0000fee5   Thumb Code   128  mbm.o(.text)
    eMBMTCPInit                              0x0000ff65   Thumb Code    64  mbm.o(.text)
    eMBMTCPConnect                           0x0000ffa5   Thumb Code    92  mbm.o(.text)
    eMBMTCPDisconnect                        0x00010001   Thumb Code    42  mbm.o(.text)
    eMBErrorcodeToException                  0x00010031   Thumb Code    68  mbutils.o(.text)
    eMBExceptionToErrorcode                  0x00010075   Thumb Code    66  mbutils.o(.text)
    vMBMWriteSingleRegisterPolled            0x000100b9   Thumb Code   460  mbmfuncholding.o(.text)
    vMBMReadHoldingRegistersPolled           0x00010285   Thumb Code   514  mbmfuncholding.o(.text)
    vMBMWriteMultipleRegistersPolled         0x00010487   Thumb Code   808  mbmfuncholding.o(.text)
    vMBMReadWriteMultipleRegistersPolled     0x000107af   Thumb Code   776  mbmfuncholding.o(.text)
    eMBMWriteSingleRegister                  0x00010ab7   Thumb Code    56  mbmfuncholding.o(.text)
    eMBMReadHoldingRegisters                 0x00010aef   Thumb Code    64  mbmfuncholding.o(.text)
    eMBMWriteMultipleRegisters               0x00010b2f   Thumb Code    70  mbmfuncholding.o(.text)
    eMBMReadWriteMultipleRegisters           0x00010b75   Thumb Code    70  mbmfuncholding.o(.text)
    eMBMSerialASCIIInit                      0x00011433   Thumb Code   518  mbmascii.o(.text)
    usMBMCRC16                               0x0001165d   Thumb Code    46  mbmcrc.o(.text)
    eMBMSerialRTUInit                        0x00011d2f   Thumb Code   520  mbmrtu.o(.text)
    eMBPEventCreate                          0x00011f39   Thumb Code   134  mbportevent.o(.text)
    eMBPEventPost                            0x00011fbf   Thumb Code    58  mbportevent.o(.text)
    bMBPEventGet                             0x00011ff9   Thumb Code    52  mbportevent.o(.text)
    vMBPEventDelete                          0x0001202d   Thumb Code    54  mbportevent.o(.text)
    eMBPSerialInit                           0x00012197   Thumb Code   422  mbportserial.o(.text)
    eMBPSerialClose                          0x0001233d   Thumb Code    54  mbportserial.o(.text)
    eMBPSerialTxEnable                       0x00012373   Thumb Code    80  mbportserial.o(.text)
    usMPSerialTimeout                        0x000123c3   Thumb Code    22  mbportserial.o(.text)
    eMBPSerialRxEnable                       0x000123d9   Thumb Code    86  mbportserial.o(.text)
    eDrvSerialInit                           0x0001245d   Thumb Code   728  drvserial.o(.text)
    eDrvSerialClose                          0x00012735   Thumb Code   162  drvserial.o(.text)
    eDrvSerialWaitEvent                      0x000127d7   Thumb Code   182  drvserial.o(.text)
    eDrvSerialAbort                          0x0001288d   Thumb Code    86  drvserial.o(.text)
    eDrvSerialTransmitEnable                 0x000128e3   Thumb Code   122  drvserial.o(.text)
    eDrvSerialTransmitDisable                0x0001295d   Thumb Code   134  drvserial.o(.text)
    eDrvSerialTransmitFree                   0x000129e3   Thumb Code    34  drvserial.o(.text)
    eDrvSerialTransmit                       0x00012a05   Thumb Code   170  drvserial.o(.text)
    eDrvSerialReceiveEnable                  0x00012aaf   Thumb Code   116  drvserial.o(.text)
    eDrvSerialReceiveDisable                 0x00012b23   Thumb Code    96  drvserial.o(.text)
    eDrvSerialReceive                        0x00012b83   Thumb Code   142  drvserial.o(.text)
    eDrvSerialReceiveReset                   0x00012c11   Thumb Code    62  drvserial.o(.text)
    __c89vsnprintf                           0x00012ce5   Thumb Code    44  c89vsnprintf.o(.text)
    __2sprintf                               0x00012d15   Thumb Code    38  __2sprintf.o(.text)
    __2snprintf                              0x00012d41   Thumb Code    50  __2snprintf.o(.text)
    _printf_str                              0x00012d79   Thumb Code    82  _printf_str.o(.text)
    _printf_int_dec                          0x00012dcd   Thumb Code    96  _printf_dec.o(.text)
    __printf                                 0x00012e3d   Thumb Code   410  __printf_flags_ss_wp.o(.text)
    strcat                                   0x00012fdd   Thumb Code    24  strcat.o(.text)
    strcpy                                   0x00012ff5   Thumb Code    74  strcpy.o(.text)
    strlen                                   0x0001303f   Thumb Code    62  strlen.o(.text)
    __aeabi_memcpy                           0x0001307d   Thumb Code     0  rt_memcpy_v6.o(.text)
    __rt_memcpy                              0x0001307d   Thumb Code   140  rt_memcpy_v6.o(.text)
    _memcpy_lastbytes                        0x000130e5   Thumb Code     0  rt_memcpy_v6.o(.text)
    __aeabi_memset                           0x00013109   Thumb Code    16  aeabi_memset.o(.text)
    __aeabi_memclr                           0x00013119   Thumb Code     0  rt_memclr.o(.text)
    __rt_memclr                              0x00013119   Thumb Code    68  rt_memclr.o(.text)
    _memset                                  0x0001311d   Thumb Code     0  rt_memclr.o(.text)
    __aeabi_memcpy4                          0x0001315d   Thumb Code     0  rt_memcpy_w.o(.text)
    __aeabi_memcpy8                          0x0001315d   Thumb Code     0  rt_memcpy_w.o(.text)
    __rt_memcpy_w                            0x0001315d   Thumb Code   100  rt_memcpy_w.o(.text)
    _memcpy_lastbytes_aligned                0x000131a5   Thumb Code     0  rt_memcpy_w.o(.text)
    __aeabi_memclr4                          0x000131c1   Thumb Code     0  rt_memclr_w.o(.text)
    __aeabi_memclr8                          0x000131c1   Thumb Code     0  rt_memclr_w.o(.text)
    __rt_memclr_w                            0x000131c1   Thumb Code    78  rt_memclr_w.o(.text)
    _memset_w                                0x000131c5   Thumb Code     0  rt_memclr_w.o(.text)
    strncpy                                  0x0001320f   Thumb Code    86  strncpy.o(.text)
    strcmp                                   0x00013265   Thumb Code   128  strcmpv7m.o(.text)
    __use_two_region_memory                  0x000132e5   Thumb Code     2  heapauxi.o(.text)
    __rt_heap_escrow$2region                 0x000132e7   Thumb Code     2  heapauxi.o(.text)
    __rt_heap_expand$2region                 0x000132e9   Thumb Code     2  heapauxi.o(.text)
    _printf_pre_padding                      0x000132eb   Thumb Code    42  _printf_pad.o(.text)
    _printf_post_padding                     0x00013315   Thumb Code    34  _printf_pad.o(.text)
    _printf_truncate_signed                  0x00013337   Thumb Code    18  _printf_truncate.o(.text)
    _printf_truncate_unsigned                0x00013349   Thumb Code    18  _printf_truncate.o(.text)
    _printf_int_common                       0x0001335b   Thumb Code   174  _printf_intcommon.o(.text)
    _printf_charcount                        0x00013409   Thumb Code    40  _printf_charcount.o(.text)
    _printf_char_common                      0x0001343b   Thumb Code    34  _printf_char_common.o(.text)
    _sputc                                   0x00013461   Thumb Code    10  _sputc.o(.text)
    _snputc                                  0x0001346b   Thumb Code    16  _snputc.o(.text)
    _printf_cs_common                        0x0001347b   Thumb Code    20  _printf_char.o(.text)
    _printf_char                             0x0001348f   Thumb Code    16  _printf_char.o(.text)
    _printf_string                           0x0001349f   Thumb Code     8  _printf_char.o(.text)
    _printf_wctomb                           0x000134a9   Thumb Code   178  _printf_wctomb.o(.text)
    _printf_longlong_dec                     0x00013561   Thumb Code   124  _printf_longlong_dec.o(.text)
    _printf_longlong_oct                     0x000135ed   Thumb Code    94  _printf_oct_int_ll.o(.text)
    _printf_int_oct                          0x0001364b   Thumb Code    24  _printf_oct_int_ll.o(.text)
    _printf_ll_oct                           0x00013663   Thumb Code    10  _printf_oct_int_ll.o(.text)
    _printf_longlong_hex                     0x00013675   Thumb Code   116  _printf_hex_int_ll_ptr.o(.text)
    _printf_int_hex                          0x000136e9   Thumb Code    28  _printf_hex_int_ll_ptr.o(.text)
    _printf_ll_hex                           0x00013705   Thumb Code    10  _printf_hex_int_ll_ptr.o(.text)
    _printf_hex_ptr                          0x0001370f   Thumb Code    18  _printf_hex_int_ll_ptr.o(.text)
    __rt_udiv10                              0x00013725   Thumb Code    16  rtudiv10.o(.text)
    __user_libspace                          0x00013735   Thumb Code     8  libspace.o(.text)
    __user_perproc_libspace                  0x00013735   Thumb Code     0  libspace.o(.text)
    __user_perthread_libspace                0x00013735   Thumb Code     0  libspace.o(.text)
    __rt_ctype_table                         0x0001373d   Thumb Code    16  rt_ctype_table.o(.text)
    _ll_udiv10                               0x0001374d   Thumb Code   138  lludiv10.o(.text)
    __lib_sel_fp_printf                      0x000137d7   Thumb Code     2  _printf_fp_dec.o(.text)
    _printf_fp_dec_real                      0x000139bf   Thumb Code   608  _printf_fp_dec.o(.text)
    _printf_lcs_common                       0x00013c1f   Thumb Code    20  _printf_wchar.o(.text)
    _printf_wchar                            0x00013c33   Thumb Code    16  _printf_wchar.o(.text)
    _printf_wstring                          0x00013c43   Thumb Code     8  _printf_wchar.o(.text)
    _wcrtomb                                 0x00013c4b   Thumb Code    64  _wcrtomb.o(.text)
    __user_setup_stackheap                   0x00013c8b   Thumb Code    74  sys_stackheap_outer.o(.text)
    __rt_locale                              0x00013cd5   Thumb Code    12  rt_locale_intlibspace.o(.text)
    _printf_fp_infnan                        0x00013ce1   Thumb Code   108  _printf_fp_infnan.o(.text)
    _btod_etento                             0x00013d5d   Thumb Code   202  bigflt0.o(.text)
    exit                                     0x00013e2d   Thumb Code    12  exit.o(.text)
    _sys_exit                                0x00013e39   Thumb Code    16  sys_exit.o(.text)
    __I$use$semihosting                      0x00013e4d   Thumb Code     0  use_no_semi.o(.text)
    __use_no_semihosting_swi                 0x00013e4d   Thumb Code     2  use_no_semi.o(.text)
    _btod_d2e                                0x00013e4f   Thumb Code    62  btod.o(CL$$btod_d2e)
    _d2e_denorm_low                          0x00013e8d   Thumb Code    70  btod.o(CL$$btod_d2e_denorm_low)
    _d2e_norm_op1                            0x00013ed3   Thumb Code    96  btod.o(CL$$btod_d2e_norm_op1)
    __btod_div_common                        0x00013f33   Thumb Code   696  btod.o(CL$$btod_div_common)
    _e2e                                     0x0001426b   Thumb Code   198  btod.o(CL$$btod_e2e)
    _btod_ediv                               0x00014331   Thumb Code    40  btod.o(CL$$btod_ediv)
    _btod_emul                               0x00014359   Thumb Code    40  btod.o(CL$$btod_emul)
    __btod_mult_common                       0x00014381   Thumb Code   580  btod.o(CL$$btod_mult_common)
    EthernetConfigSet                        0x000145c5   Thumb Code    42  ethernet.o(i.EthernetConfigSet)
    EthernetDisable                          0x000145ef   Thumb Code    34  ethernet.o(i.EthernetDisable)
    EthernetEnable                           0x00014611   Thumb Code    34  ethernet.o(i.EthernetEnable)
    EthernetInitExpClk                       0x00014635   Thumb Code    12  ethernet.o(i.EthernetInitExpClk)
    EthernetIntClear                         0x00014645   Thumb Code     4  ethernet.o(i.EthernetIntClear)
    EthernetIntDisable                       0x00014649   Thumb Code    10  ethernet.o(i.EthernetIntDisable)
    EthernetIntEnable                        0x00014653   Thumb Code     8  ethernet.o(i.EthernetIntEnable)
    EthernetIntStatus                        0x0001465b   Thumb Code    14  ethernet.o(i.EthernetIntStatus)
    EthernetMACAddrGet                       0x00014669   Thumb Code    50  ethernet.o(i.EthernetMACAddrGet)
    EthernetMACAddrSet                       0x0001469b   Thumb Code    54  ethernet.o(i.EthernetMACAddrSet)
    EthernetPHYRead                          0x000146d1   Thumb Code    34  ethernet.o(i.EthernetPHYRead)
    EthernetPHYWrite                         0x000146f3   Thumb Code    34  ethernet.o(i.EthernetPHYWrite)
    FlashUserGet                             0x00014715   Thumb Code    48  flash.o(i.FlashUserGet)
    GPIODirModeSet                           0x0001474d   Thumb Code    40  gpio.o(i.GPIODirModeSet)
    GPIOPadConfigSet                         0x00014775   Thumb Code   176  gpio.o(i.GPIOPadConfigSet)
    GPIOPinTypeGPIOOutput                    0x00014825   Thumb Code    28  gpio.o(i.GPIOPinTypeGPIOOutput)
    GPIOPinTypeUART                          0x00014841   Thumb Code    28  gpio.o(i.GPIOPinTypeUART)
    GPIOPinWrite                             0x0001485d   Thumb Code     6  gpio.o(i.GPIOPinWrite)
    IntDisable                               0x00014865   Thumb Code   104  interrupt.o(i.IntDisable)
    IntEnable                                0x000148cd   Thumb Code   104  interrupt.o(i.IntEnable)
    IntMasterDisable                         0x00014935   Thumb Code    10  interrupt.o(i.IntMasterDisable)
    IntMasterEnable                          0x0001493f   Thumb Code    10  interrupt.o(i.IntMasterEnable)
    IntPrioritySet                           0x00014949   Thumb Code    36  interrupt.o(i.IntPrioritySet)
    IntRegister                              0x00014971   Thumb Code    50  interrupt.o(i.IntRegister)
    IntUnregister                            0x000149a9   Thumb Code    10  interrupt.o(i.IntUnregister)
    SysCtlClockGet                           0x000149bd   Thumb Code   438  sysctl.o(i.SysCtlClockGet)
    SysCtlClockSet                           0x00014ba1   Thumb Code   288  sysctl.o(i.SysCtlClockSet)
    SysCtlLDOSet                             0x00014cd9   Thumb Code     6  sysctl.o(i.SysCtlLDOSet)
    SysCtlPeripheralEnable                   0x00014ce5   Thumb Code    26  sysctl.o(i.SysCtlPeripheralEnable)
    SysCtlPeripheralPresent                  0x00014d05   Thumb Code    46  sysctl.o(i.SysCtlPeripheralPresent)
    SysCtlPeripheralReset                    0x00014d41   Thumb Code    50  sysctl.o(i.SysCtlPeripheralReset)
    UARTCharGet                              0x00014d79   Thumb Code    12  uart.o(i.UARTCharGet)
    UARTCharGetNonBlocking                   0x00014d85   Thumb Code    16  uart.o(i.UARTCharGetNonBlocking)
    UARTCharPutNonBlocking                   0x00014d95   Thumb Code    18  uart.o(i.UARTCharPutNonBlocking)
    UARTCharsAvail                           0x00014da7   Thumb Code    10  uart.o(i.UARTCharsAvail)
    UARTConfigSetExpClk                      0x00014db1   Thumb Code   110  uart.o(i.UARTConfigSetExpClk)
    UARTDMADisable                           0x00014e1f   Thumb Code    10  uart.o(i.UARTDMADisable)
    UARTDisable                              0x00014e29   Thumb Code    30  uart.o(i.UARTDisable)
    UARTDisableSIR                           0x00014e47   Thumb Code    10  uart.o(i.UARTDisableSIR)
    UARTEnable                               0x00014e51   Thumb Code    20  uart.o(i.UARTEnable)
    UARTFIFOEnable                           0x00014e65   Thumb Code    10  uart.o(i.UARTFIFOEnable)
    UARTFIFOLevelSet                         0x00014e6f   Thumb Code     6  uart.o(i.UARTFIFOLevelSet)
    UARTFlowControlSet                       0x00014e75   Thumb Code    12  uart.o(i.UARTFlowControlSet)
    UARTIntClear                             0x00014e81   Thumb Code     4  uart.o(i.UARTIntClear)
    UARTIntDisable                           0x00014e85   Thumb Code    10  uart.o(i.UARTIntDisable)
    UARTIntEnable                            0x00014e8f   Thumb Code     8  uart.o(i.UARTIntEnable)
    UARTIntRegister                          0x00014e97   Thumb Code    46  uart.o(i.UARTIntRegister)
    UARTIntStatus                            0x00014ec5   Thumb Code    10  uart.o(i.UARTIntStatus)
    UARTIntUnregister                        0x00014ecf   Thumb Code    46  uart.o(i.UARTIntUnregister)
    UARTRxErrorClear                         0x00014efd   Thumb Code     6  uart.o(i.UARTRxErrorClear)
    UARTSpaceAvail                           0x00014f03   Thumb Code    10  uart.o(i.UARTSpaceAvail)
    __ARM_fpclassify                         0x00014f0d   Thumb Code    40  fpclassify.o(i.__ARM_fpclassify)
    _get_lc_ctype                            0x00014f35   Thumb Code    44  lc_ctype_c.o(locale$$code)
    _get_lc_numeric                          0x00014f61   Thumb Code    44  lc_numeric_c.o(locale$$code)
    _printf_fp_dec                           0x00014f8d   Thumb Code     4  printf1.o(x$fpl$printf1)
    __I$use$fp                               0x00014f91   Thumb Code     0  usenofp.o(x$fpl$usenofp)
    ip_addr_any                              0x00015020   Data           4  ip_addr.o(.constdata)
    ip_addr_broadcast                        0x00015024   Data           4  ip_addr.o(.constdata)
    tcp_backoff                              0x0001505c   Data          13  tcp.o(.constdata)
    tcp_persist_backoff                      0x00015069   Data           7  tcp.o(.constdata)
    ethbroadcast                             0x0001513c   Data           6  etharp.o(.constdata)
    ethzero                                  0x00015142   Data           6  etharp.o(.constdata)
    Region$$Table$$Base                      0x00015af8   Number         0  anon$$obj.o(Region$$Table)
    Region$$Table$$Limit                     0x00015b18   Number         0  anon$$obj.o(Region$$Table)
    __ctype                                  0x00015b25   Data           0  lc_ctype_c.o(locale$$data)
    pxCurrentTCB                             0x2000011c   Data           4  tasks.o(.data)
    ETHRxBinSemaphore                        0x200001a8   Data           4  ethisr.o(.data)
    ETHTxBinSemaphore                        0x200001ac   Data           4  ethisr.o(.data)
    ETHTxAccessMutex                         0x200001b0   Data           4  ethisr.o(.data)
    ETHRxAccessMutex                         0x200001b4   Data           4  ethisr.o(.data)
    current_netif                            0x200001c4   Data           4  ip.o(.data)
    current_header                           0x200001c8   Data           4  ip.o(.data)
    netif_list                               0x200001f0   Data           4  netif.o(.data)
    netif_default                            0x200001f4   Data           4  netif.o(.data)
    tcp_state_str                            0x20000200   Data          44  tcp.o(.data)
    tcp_ticks                                0x20000234   Data           4  tcp.o(.data)
    tcp_bound_pcbs                           0x20000238   Data           4  tcp.o(.data)
    tcp_listen_pcbs                          0x2000023c   Data           4  tcp.o(.data)
    tcp_active_pcbs                          0x20000240   Data           4  tcp.o(.data)
    tcp_tw_pcbs                              0x20000244   Data           4  tcp.o(.data)
    tcp_tmp_pcb                              0x20000248   Data           4  tcp.o(.data)
    tcp_input_pcb                            0x2000026c   Data           4  tcp_in.o(.data)
    udp_pcbs                                 0x20000270   Data           4  udp.o(.data)
    xDebugBufferLock                         0x20000298   Data           4  mbportother.o(.data)
    lwip_stats                               0x2000c8b4   Data         296  stats.o(.bss)
    __libspace_start                         0x2000d45c   Data          96  libspace.o(.bss)
    __temporary_stack_top$libspace           0x2000d4bc   Data           0  libspace.o(.bss)



==============================================================================

Memory Map of the image

  Image Entry point : 0x0000010d

  Load Region LR_IROM (Base: 0x00000000, Size: 0x00015f00, Max: 0x00040000, ABSOLUTE, COMPRESSED[0x00015c80])

    Execution Region ER_IROM (Base: 0x00000000, Size: 0x00015c44, Max: 0x00040000, ABSOLUTE)

    Base Addr    Size         Type   Attr      Idx    E Section Name        Object

    0x00000000   0x0000010c   Code   RO            3    RESET               startup.o
    0x0000010c   0x00000008   Code   RO         2484  * !!!main             __main.o(c_w.l)
    0x00000114   0x00000034   Code   RO         2781    !!!scatter          __scatter.o(c_w.l)
    0x00000148   0x0000005a   Code   RO         2779    !!dczerorl2         __dczerorl2.o(c_w.l)
    0x000001a2   0x00000002   PAD
    0x000001a4   0x0000001c   Code   RO         2783    !!handler_zi        __scatter_zi.o(c_w.l)
    0x000001c0   0x00000000   Code   RO         2459    .ARM.Collect$$_printf_percent$$00000000  _printf_percent.o(c_w.l)
    0x000001c0   0x00000006   Code   RO         2541    .ARM.Collect$$_printf_percent$$00000001  _printf_n.o(c_w.l)
    0x000001c6   0x00000006   Code   RO         2543    .ARM.Collect$$_printf_percent$$00000002  _printf_p.o(c_w.l)
    0x000001cc   0x00000006   Code   RO         2547    .ARM.Collect$$_printf_percent$$00000003  _printf_f.o(c_w.l)
    0x000001d2   0x00000006   Code   RO         2548    .ARM.Collect$$_printf_percent$$00000004  _printf_e.o(c_w.l)
    0x000001d8   0x00000006   Code   RO         2549    .ARM.Collect$$_printf_percent$$00000005  _printf_g.o(c_w.l)
    0x000001de   0x00000006   Code   RO         2550    .ARM.Collect$$_printf_percent$$00000006  _printf_a.o(c_w.l)
    0x000001e4   0x0000000a   Code   RO         2555    .ARM.Collect$$_printf_percent$$00000007  _printf_ll.o(c_w.l)
    0x000001ee   0x00000006   Code   RO         2545    .ARM.Collect$$_printf_percent$$00000008  _printf_i.o(c_w.l)
    0x000001f4   0x00000006   Code   RO         2546    .ARM.Collect$$_printf_percent$$00000009  _printf_d.o(c_w.l)
    0x000001fa   0x00000006   Code   RO         2458    .ARM.Collect$$_printf_percent$$0000000A  _printf_u.o(c_w.l)
    0x00000200   0x00000006   Code   RO         2544    .ARM.Collect$$_printf_percent$$0000000B  _printf_o.o(c_w.l)
    0x00000206   0x00000006   Code   RO         2542    .ARM.Collect$$_printf_percent$$0000000C  _printf_x.o(c_w.l)
    0x0000020c   0x00000006   Code   RO         2552    .ARM.Collect$$_printf_percent$$0000000D  _printf_lli.o(c_w.l)
    0x00000212   0x00000006   Code   RO         2553    .ARM.Collect$$_printf_percent$$0000000E  _printf_lld.o(c_w.l)
    0x00000218   0x00000006   Code   RO         2554    .ARM.Collect$$_printf_percent$$0000000F  _printf_llu.o(c_w.l)
    0x0000021e   0x00000006   Code   RO         2559    .ARM.Collect$$_printf_percent$$00000010  _printf_llo.o(c_w.l)
    0x00000224   0x00000006   Code   RO         2560    .ARM.Collect$$_printf_percent$$00000011  _printf_llx.o(c_w.l)
    0x0000022a   0x0000000a   Code   RO         2556    .ARM.Collect$$_printf_percent$$00000012  _printf_l.o(c_w.l)
    0x00000234   0x00000006   Code   RO         2456    .ARM.Collect$$_printf_percent$$00000013  _printf_c.o(c_w.l)
    0x0000023a   0x00000006   Code   RO         2457    .ARM.Collect$$_printf_percent$$00000014  _printf_s.o(c_w.l)
    0x00000240   0x00000006   Code   RO         2557    .ARM.Collect$$_printf_percent$$00000015  _printf_lc.o(c_w.l)
    0x00000246   0x00000006   Code   RO         2558    .ARM.Collect$$_printf_percent$$00000016  _printf_ls.o(c_w.l)
    0x0000024c   0x00000004   Code   RO         2551    .ARM.Collect$$_printf_percent$$00000017  _printf_percent_end.o(c_w.l)
    0x00000250   0x00000006   Code   RO         2652    .ARM.Collect$$libinit$$00000000  libinit.o(c_w.l)
    0x00000256   0x00000000   Code   RO         2662    .ARM.Collect$$libinit$$00000006  libinit2.o(c_w.l)
    0x00000256   0x00000000   Code   RO         2664    .ARM.Collect$$libinit$$00000008  libinit2.o(c_w.l)
    0x00000256   0x00000000   Code   RO         2666    .ARM.Collect$$libinit$$0000000A  libinit2.o(c_w.l)
    0x00000256   0x00000006   Code   RO         2667    .ARM.Collect$$libinit$$0000000B  libinit2.o(c_w.l)
    0x0000025c   0x00000000   Code   RO         2669    .ARM.Collect$$libinit$$0000000D  libinit2.o(c_w.l)
    0x0000025c   0x0000000c   Code   RO         2670    .ARM.Collect$$libinit$$0000000E  libinit2.o(c_w.l)
    0x00000268   0x00000000   Code   RO         2671    .ARM.Collect$$libinit$$0000000F  libinit2.o(c_w.l)
    0x00000268   0x00000000   Code   RO         2673    .ARM.Collect$$libinit$$00000011  libinit2.o(c_w.l)
    0x00000268   0x0000000a   Code   RO         2674    .ARM.Collect$$libinit$$00000012  libinit2.o(c_w.l)
    0x00000272   0x00000000   Code   RO         2675    .ARM.Collect$$libinit$$00000013  libinit2.o(c_w.l)
    0x00000272   0x00000000   Code   RO         2677    .ARM.Collect$$libinit$$00000015  libinit2.o(c_w.l)
    0x00000272   0x00000000   Code   RO         2679    .ARM.Collect$$libinit$$00000017  libinit2.o(c_w.l)
    0x00000272   0x00000000   Code   RO         2681    .ARM.Collect$$libinit$$00000019  libinit2.o(c_w.l)
    0x00000272   0x00000000   Code   RO         2683    .ARM.Collect$$libinit$$0000001B  libinit2.o(c_w.l)
    0x00000272   0x00000000   Code   RO         2685    .ARM.Collect$$libinit$$0000001D  libinit2.o(c_w.l)
    0x00000272   0x00000000   Code   RO         2687    .ARM.Collect$$libinit$$0000001F  libinit2.o(c_w.l)
    0x00000272   0x00000000   Code   RO         2689    .ARM.Collect$$libinit$$00000021  libinit2.o(c_w.l)
    0x00000272   0x00000000   Code   RO         2693    .ARM.Collect$$libinit$$00000028  libinit2.o(c_w.l)
    0x00000272   0x00000000   Code   RO         2695    .ARM.Collect$$libinit$$0000002A  libinit2.o(c_w.l)
    0x00000272   0x00000000   Code   RO         2697    .ARM.Collect$$libinit$$0000002C  libinit2.o(c_w.l)
    0x00000272   0x00000000   Code   RO         2699    .ARM.Collect$$libinit$$0000002E  libinit2.o(c_w.l)
    0x00000272   0x00000002   Code   RO         2700    .ARM.Collect$$libinit$$0000002F  libinit2.o(c_w.l)
    0x00000274   0x00000002   Code   RO         2721    .ARM.Collect$$libshutdown$$00000000  libshutdown.o(c_w.l)
    0x00000276   0x00000000   Code   RO         2734    .ARM.Collect$$libshutdown$$00000003  libshutdown2.o(c_w.l)
    0x00000276   0x00000000   Code   RO         2737    .ARM.Collect$$libshutdown$$00000006  libshutdown2.o(c_w.l)
    0x00000276   0x00000000   Code   RO         2740    .ARM.Collect$$libshutdown$$00000009  libshutdown2.o(c_w.l)
    0x00000276   0x00000000   Code   RO         2742    .ARM.Collect$$libshutdown$$0000000B  libshutdown2.o(c_w.l)
    0x00000276   0x00000000   Code   RO         2745    .ARM.Collect$$libshutdown$$0000000E  libshutdown2.o(c_w.l)
    0x00000276   0x00000002   Code   RO         2746    .ARM.Collect$$libshutdown$$0000000F  libshutdown2.o(c_w.l)
    0x00000278   0x00000000   Code   RO         2486    .ARM.Collect$$rtentry$$00000000  rtentry.o(c_w.l)
    0x00000278   0x00000000   Code   RO         2571    .ARM.Collect$$rtentry$$00000002  rtentry2.o(c_w.l)
    0x00000278   0x00000006   Code   RO         2586    .ARM.Collect$$rtentry$$00000004  rtentry4.o(c_w.l)
    0x0000027e   0x00000000   Code   RO         2573    .ARM.Collect$$rtentry$$00000009  rtentry2.o(c_w.l)
    0x0000027e   0x00000004   Code   RO         2574    .ARM.Collect$$rtentry$$0000000A  rtentry2.o(c_w.l)
    0x00000282   0x00000000   Code   RO         2576    .ARM.Collect$$rtentry$$0000000C  rtentry2.o(c_w.l)
    0x00000282   0x00000008   Code   RO         2577    .ARM.Collect$$rtentry$$0000000D  rtentry2.o(c_w.l)
    0x0000028a   0x00000000   Code   RO         2658    .ARM.Collect$$rtexit$$00000000  rtexit.o(c_w.l)
    0x0000028a   0x00000000   Code   RO         2704    .ARM.Collect$$rtexit$$00000002  rtexit2.o(c_w.l)
    0x0000028a   0x00000004   Code   RO         2705    .ARM.Collect$$rtexit$$00000003  rtexit2.o(c_w.l)
    0x0000028e   0x00000004   Code   RO         2706    .ARM.Collect$$rtexit$$00000004  rtexit2.o(c_w.l)
    0x00000292   0x00000002   PAD
    0x00000294   0x00000088   Code   RO          123    .emb_text           port.o
    0x0000031c   0x00000006   Code   RO         1895    .emb_text           sysctl.o(driverlib.lib)
    0x00000322   0x00000002   PAD
    0x00000324   0x00000014   Code   RO         2410    .emb_text           cpu.o(driverlib.lib)
    0x00000338   0x00000018   Code   RO            4    .text               startup.o
    0x00000350   0x00000092   Code   RO           58    .text               list.o
    0x000003e2   0x0000053c   Code   RO           76    .text               queue.o
    0x0000091e   0x00000002   PAD
    0x00000920   0x00000e60   Code   RO           91    .text               tasks.o
    0x00001780   0x000000b8   Code   RO          124    .text               port.o
    0x00001838   0x00000128   Code   RO          141    .text               heap_2.o
    0x00001960   0x000006e8   Code   RO          156    .text               uartstdio.o
    0x00002048   0x00000300   Code   RO          209    .text               demo-tcp.o
    0x00002348   0x000003b4   Code   RO          319    .text               sys_arch.o
    0x000026fc   0x00000904   Code   RO          350    .text               ethisr.o
    0x00003000   0x000005a8   Code   RO          375    .text               lwipstack.o
    0x000035a8   0x000003bc   Code   RO          461    .text               icmp.o
    0x00003964   0x00000250   Code   RO          485    .text               inet.o
    0x00003bb4   0x00000184   Code   RO          498    .text               inet_chksum.o
    0x00003d38   0x00000494   Code   RO          510    .text               ip.o
    0x000041cc   0x0000004e   Code   RO          538    .text               ip_addr.o
    0x0000421a   0x00000002   PAD
    0x0000421c   0x00000700   Code   RO          572    .text               dns.o
    0x0000491c   0x0000002c   Code   RO          590    .text               init.o
    0x00004948   0x000005fc   Code   RO          609    .text               mem.o
    0x00004f44   0x000001e0   Code   RO          624    .text               memp.o
    0x00005124   0x00000270   Code   RO          653    .text               netif.o
    0x00005394   0x0000093c   Code   RO          675    .text               pbuf.o
    0x00005cd0   0x000001dc   Code   RO          699    .text               raw.o
    0x00005eac   0x000002ec   Code   RO          725    .text               sys.o
    0x00006198   0x00000e54   Code   RO          746    .text               tcp.o
    0x00006fec   0x00001cd0   Code   RO          767    .text               tcp_in.o
    0x00008cbc   0x00000e08   Code   RO          788    .text               tcp_out.o
    0x00009ac4   0x000005e8   Code   RO          801    .text               udp.o
    0x0000a0ac   0x00000508   Code   RO          819    .text               api_lib.o
    0x0000a5b4   0x00000d20   Code   RO          840    .text               api_msg.o
    0x0000b2d4   0x00000210   Code   RO          867    .text               netbuf.o
    0x0000b4e4   0x00001744   Code   RO          907    .text               sockets.o
    0x0000cc28   0x00000370   Code   RO          923    .text               tcpip.o
    0x0000cf98   0x00000ca0   Code   RO          976    .text               etharp.o
    0x0000dc38   0x00000394   Code   RO          996    .text               mbportother.o
    0x0000dfcc   0x00000270   Code   RO         1031    .text               mbporttimer.o
    0x0000e23c   0x000012c0   Code   RO         1049    .text               mbporttcp.o
    0x0000f4fc   0x000006e0   Code   RO         1065    .text               mbmtcp.o
    0x0000fbdc   0x00000454   Code   RO         1102    .text               mbm.o
    0x00010030   0x00000086   Code   RO         1144    .text               mbutils.o
    0x000100b6   0x00000002   PAD
    0x000100b8   0x00000b02   Code   RO         1180    .text               mbmfuncholding.o
    0x00010bba   0x00000002   PAD
    0x00010bbc   0x00000aa0   Code   RO         1218    .text               mbmascii.o
    0x0001165c   0x00000038   Code   RO         1236    .text               mbmcrc.o
    0x00011694   0x000008a2   Code   RO         1253    .text               mbmrtu.o
    0x00011f36   0x00000002   PAD
    0x00011f38   0x00000134   Code   RO         1271    .text               mbportevent.o
    0x0001206c   0x000003f0   Code   RO         1286    .text               mbportserial.o
    0x0001245c   0x00000888   Code   RO         1304    .text               drvserial.o
    0x00012ce4   0x00000030   Code   RO         2422    .text               c89vsnprintf.o(c_w.l)
    0x00012d14   0x0000002c   Code   RO         2424    .text               __2sprintf.o(c_w.l)
    0x00012d40   0x00000038   Code   RO         2426    .text               __2snprintf.o(c_w.l)
    0x00012d78   0x00000052   Code   RO         2434    .text               _printf_str.o(c_w.l)
    0x00012dca   0x00000002   PAD
    0x00012dcc   0x00000070   Code   RO         2436    .text               _printf_dec.o(c_w.l)
    0x00012e3c   0x000001a0   Code   RO         2453    .text               __printf_flags_ss_wp.o(c_w.l)
    0x00012fdc   0x00000018   Code   RO         2462    .text               strcat.o(c_w.l)
    0x00012ff4   0x0000004a   Code   RO         2464    .text               strcpy.o(c_w.l)
    0x0001303e   0x0000003e   Code   RO         2466    .text               strlen.o(c_w.l)
    0x0001307c   0x0000008c   Code   RO         2468    .text               rt_memcpy_v6.o(c_w.l)
    0x00013108   0x00000010   Code   RO         2470    .text               aeabi_memset.o(c_w.l)
    0x00013118   0x00000044   Code   RO         2472    .text               rt_memclr.o(c_w.l)
    0x0001315c   0x00000064   Code   RO         2474    .text               rt_memcpy_w.o(c_w.l)
    0x000131c0   0x0000004e   Code   RO         2476    .text               rt_memclr_w.o(c_w.l)
    0x0001320e   0x00000056   Code   RO         2478    .text               strncpy.o(c_w.l)
    0x00013264   0x00000080   Code   RO         2480    .text               strcmpv7m.o(c_w.l)
    0x000132e4   0x00000006   Code   RO         2482    .text               heapauxi.o(c_w.l)
    0x000132ea   0x0000004c   Code   RO         2493    .text               _printf_pad.o(c_w.l)
    0x00013336   0x00000024   Code   RO         2495    .text               _printf_truncate.o(c_w.l)
    0x0001335a   0x000000ae   Code   RO         2497    .text               _printf_intcommon.o(c_w.l)
    0x00013408   0x00000028   Code   RO         2499    .text               _printf_charcount.o(c_w.l)
    0x00013430   0x00000030   Code   RO         2501    .text               _printf_char_common.o(c_w.l)
    0x00013460   0x0000000a   Code   RO         2503    .text               _sputc.o(c_w.l)
    0x0001346a   0x00000010   Code   RO         2505    .text               _snputc.o(c_w.l)
    0x0001347a   0x0000002c   Code   RO         2507    .text               _printf_char.o(c_w.l)
    0x000134a6   0x00000002   PAD
    0x000134a8   0x000000b8   Code   RO         2509    .text               _printf_wctomb.o(c_w.l)
    0x00013560   0x0000008c   Code   RO         2512    .text               _printf_longlong_dec.o(c_w.l)
    0x000135ec   0x00000088   Code   RO         2518    .text               _printf_oct_int_ll.o(c_w.l)
    0x00013674   0x000000b0   Code   RO         2538    .text               _printf_hex_int_ll_ptr.o(c_w.l)
    0x00013724   0x00000010   Code   RO         2563    .text               rtudiv10.o(c_w.l)
    0x00013734   0x00000008   Code   RO         2567    .text               libspace.o(c_w.l)
    0x0001373c   0x00000010   Code   RO         2588    .text               rt_ctype_table.o(c_w.l)
    0x0001374c   0x0000008a   Code   RO         2590    .text               lludiv10.o(c_w.l)
    0x000137d6   0x00000448   Code   RO         2592    .text               _printf_fp_dec.o(c_w.l)
    0x00013c1e   0x0000002c   Code   RO         2596    .text               _printf_wchar.o(c_w.l)
    0x00013c4a   0x00000040   Code   RO         2600    .text               _wcrtomb.o(c_w.l)
    0x00013c8a   0x0000004a   Code   RO         2602    .text               sys_stackheap_outer.o(c_w.l)
    0x00013cd4   0x0000000c   Code   RO         2607    .text               rt_locale_intlibspace.o(c_w.l)
    0x00013ce0   0x0000007c   Code   RO         2609    .text               _printf_fp_infnan.o(c_w.l)
    0x00013d5c   0x000000d0   Code   RO         2613    .text               bigflt0.o(c_w.l)
    0x00013e2c   0x0000000c   Code   RO         2644    .text               exit.o(c_w.l)
    0x00013e38   0x00000014   Code   RO         2713    .text               sys_exit.o(c_w.l)
    0x00013e4c   0x00000002   Code   RO         2724    .text               use_no_semi.o(c_w.l)
    0x00013e4e   0x0000003e   Code   RO         2616    CL$$btod_d2e        btod.o(c_w.l)
    0x00013e8c   0x00000046   Code   RO         2618    CL$$btod_d2e_denorm_low  btod.o(c_w.l)
    0x00013ed2   0x00000060   Code   RO         2617    CL$$btod_d2e_norm_op1  btod.o(c_w.l)
    0x00013f32   0x00000338   Code   RO         2626    CL$$btod_div_common  btod.o(c_w.l)
    0x0001426a   0x000000c6   Code   RO         2623    CL$$btod_e2e        btod.o(c_w.l)
    0x00014330   0x00000028   Code   RO         2620    CL$$btod_ediv       btod.o(c_w.l)
    0x00014358   0x00000028   Code   RO         2619    CL$$btod_emul       btod.o(c_w.l)
    0x00014380   0x00000244   Code   RO         2625    CL$$btod_mult_common  btod.o(c_w.l)
    0x000145c4   0x0000002a   Code   RO         1320    i.EthernetConfigSet  ethernet.o(driverlib.lib)
    0x000145ee   0x00000022   Code   RO         1321    i.EthernetDisable   ethernet.o(driverlib.lib)
    0x00014610   0x00000022   Code   RO         1322    i.EthernetEnable    ethernet.o(driverlib.lib)
    0x00014632   0x00000002   PAD
    0x00014634   0x00000010   Code   RO         1323    i.EthernetInitExpClk  ethernet.o(driverlib.lib)
    0x00014644   0x00000004   Code   RO         1324    i.EthernetIntClear  ethernet.o(driverlib.lib)
    0x00014648   0x0000000a   Code   RO         1325    i.EthernetIntDisable  ethernet.o(driverlib.lib)
    0x00014652   0x00000008   Code   RO         1326    i.EthernetIntEnable  ethernet.o(driverlib.lib)
    0x0001465a   0x0000000e   Code   RO         1328    i.EthernetIntStatus  ethernet.o(driverlib.lib)
    0x00014668   0x00000032   Code   RO         1330    i.EthernetMACAddrGet  ethernet.o(driverlib.lib)
    0x0001469a   0x00000036   Code   RO         1331    i.EthernetMACAddrSet  ethernet.o(driverlib.lib)
    0x000146d0   0x00000022   Code   RO         1332    i.EthernetPHYRead   ethernet.o(driverlib.lib)
    0x000146f2   0x00000022   Code   RO         1333    i.EthernetPHYWrite  ethernet.o(driverlib.lib)
    0x00014714   0x00000038   Code   RO         1498    i.FlashUserGet      flash.o(driverlib.lib)
    0x0001474c   0x00000028   Code   RO         1599    i.GPIODirModeSet    gpio.o(driverlib.lib)
    0x00014774   0x000000b0   Code   RO         1604    i.GPIOPadConfigSet  gpio.o(driverlib.lib)
    0x00014824   0x0000001c   Code   RO         1616    i.GPIOPinTypeGPIOOutput  gpio.o(driverlib.lib)
    0x00014840   0x0000001c   Code   RO         1624    i.GPIOPinTypeUART   gpio.o(driverlib.lib)
    0x0001485c   0x00000006   Code   RO         1627    i.GPIOPinWrite      gpio.o(driverlib.lib)
    0x00014862   0x00000002   Code   RO         1803    i.IntDefaultHandler  interrupt.o(driverlib.lib)
    0x00014864   0x00000068   Code   RO         1804    i.IntDisable        interrupt.o(driverlib.lib)
    0x000148cc   0x00000068   Code   RO         1805    i.IntEnable         interrupt.o(driverlib.lib)
    0x00014934   0x0000000a   Code   RO         1806    i.IntMasterDisable  interrupt.o(driverlib.lib)
    0x0001493e   0x0000000a   Code   RO         1807    i.IntMasterEnable   interrupt.o(driverlib.lib)
    0x00014948   0x00000028   Code   RO         1813    i.IntPrioritySet    interrupt.o(driverlib.lib)
    0x00014970   0x00000038   Code   RO         1814    i.IntRegister       interrupt.o(driverlib.lib)
    0x000149a8   0x00000014   Code   RO         1815    i.IntUnregister     interrupt.o(driverlib.lib)
    0x000149bc   0x000001e4   Code   RO         1900    i.SysCtlClockGet    sysctl.o(driverlib.lib)
    0x00014ba0   0x00000138   Code   RO         1901    i.SysCtlClockSet    sysctl.o(driverlib.lib)
    0x00014cd8   0x0000000c   Code   RO         1916    i.SysCtlLDOSet      sysctl.o(driverlib.lib)
    0x00014ce4   0x00000020   Code   RO         1925    i.SysCtlPeripheralEnable  sysctl.o(driverlib.lib)
    0x00014d04   0x0000003c   Code   RO         1926    i.SysCtlPeripheralPresent  sysctl.o(driverlib.lib)
    0x00014d40   0x00000038   Code   RO         1927    i.SysCtlPeripheralReset  sysctl.o(driverlib.lib)
    0x00014d78   0x0000000c   Code   RO         2161    i.UARTCharGet       uart.o(driverlib.lib)
    0x00014d84   0x00000010   Code   RO         2162    i.UARTCharGetNonBlocking  uart.o(driverlib.lib)
    0x00014d94   0x00000012   Code   RO         2164    i.UARTCharPutNonBlocking  uart.o(driverlib.lib)
    0x00014da6   0x0000000a   Code   RO         2165    i.UARTCharsAvail    uart.o(driverlib.lib)
    0x00014db0   0x0000006e   Code   RO         2167    i.UARTConfigSetExpClk  uart.o(driverlib.lib)
    0x00014e1e   0x0000000a   Code   RO         2168    i.UARTDMADisable    uart.o(driverlib.lib)
    0x00014e28   0x0000001e   Code   RO         2170    i.UARTDisable       uart.o(driverlib.lib)
    0x00014e46   0x0000000a   Code   RO         2171    i.UARTDisableSIR    uart.o(driverlib.lib)
    0x00014e50   0x00000014   Code   RO         2172    i.UARTEnable        uart.o(driverlib.lib)
    0x00014e64   0x0000000a   Code   RO         2175    i.UARTFIFOEnable    uart.o(driverlib.lib)
    0x00014e6e   0x00000006   Code   RO         2177    i.UARTFIFOLevelSet  uart.o(driverlib.lib)
    0x00014e74   0x0000000c   Code   RO         2179    i.UARTFlowControlSet  uart.o(driverlib.lib)
    0x00014e80   0x00000004   Code   RO         2180    i.UARTIntClear      uart.o(driverlib.lib)
    0x00014e84   0x0000000a   Code   RO         2181    i.UARTIntDisable    uart.o(driverlib.lib)
    0x00014e8e   0x00000008   Code   RO         2182    i.UARTIntEnable     uart.o(driverlib.lib)
    0x00014e96   0x0000002e   Code   RO         2183    i.UARTIntRegister   uart.o(driverlib.lib)
    0x00014ec4   0x0000000a   Code   RO         2184    i.UARTIntStatus     uart.o(driverlib.lib)
    0x00014ece   0x0000002e   Code   RO         2185    i.UARTIntUnregister  uart.o(driverlib.lib)
    0x00014efc   0x00000006   Code   RO         2192    i.UARTRxErrorClear  uart.o(driverlib.lib)
    0x00014f02   0x0000000a   Code   RO         2196    i.UARTSpaceAvail    uart.o(driverlib.lib)
    0x00014f0c   0x00000028   Code   RO         2656    i.__ARM_fpclassify  fpclassify.o(m_ws.l)
    0x00014f34   0x0000002c   Code   RO         2639    locale$$code        lc_ctype_c.o(c_w.l)
    0x00014f60   0x0000002c   Code   RO         2642    locale$$code        lc_numeric_c.o(c_w.l)
    0x00014f8c   0x00000004   Code   RO         2565    x$fpl$printf1       printf1.o(fz_ws.l)
    0x00014f90   0x00000000   Code   RO         2655    x$fpl$usenofp       usenofp.o(fz_ws.l)
    0x00014f90   0x00000028   Data   RO          158    .constdata          uartstdio.o
    0x00014fb8   0x0000004d   Data   RO          211    .constdata          demo-tcp.o
    0x00015005   0x00000003   PAD
    0x00015008   0x00000018   Data   RO          351    .constdata          ethisr.o
    0x00015020   0x00000008   Data   RO          539    .constdata          ip_addr.o
    0x00015028   0x00000034   Data   RO          626    .constdata          memp.o
    0x0001505c   0x00000059   Data   RO          747    .constdata          tcp.o
    0x000150b5   0x00000003   PAD
    0x000150b8   0x00000083   Data   RO          909    .constdata          sockets.o
    0x0001513b   0x00000001   PAD
    0x0001513c   0x000001fe   Data   RO          978    .constdata          etharp.o
    0x0001533a   0x00000002   PAD
    0x0001533c   0x0000018d   Data   RO         1051    .constdata          mbporttcp.o
    0x000154c9   0x00000003   PAD
    0x000154cc   0x0000019b   Data   RO         1181    .constdata          mbmfuncholding.o
    0x00015667   0x00000200   Data   RO         1237    .constdata          mbmcrc.o
    0x00015867   0x00000001   PAD
    0x00015868   0x00000038   Data   RO         1306    .constdata          drvserial.o
    0x000158a0   0x00000068   Data   RO         1816    .constdata          interrupt.o(driverlib.lib)
    0x00015908   0x0000009c   Data   RO         1938    .constdata          sysctl.o(driverlib.lib)
    0x000159a4   0x00000011   Data   RO         2454    .constdata          __printf_flags_ss_wp.o(c_w.l)
    0x000159b5   0x00000003   PAD
    0x000159b8   0x00000008   Data   RO         2510    .constdata          _printf_wctomb.o(c_w.l)
    0x000159c0   0x00000028   Data   RO         2539    .constdata          _printf_hex_int_ll_ptr.o(c_w.l)
    0x000159e8   0x00000094   Data   RO         2614    .constdata          bigflt0.o(c_w.l)
    0x00015a7c   0x00000011   Data   RO          159    .conststring        uartstdio.o
    0x00015a8d   0x00000068   Data   RO          748    .conststring        tcp.o
    0x00015af5   0x00000003   PAD
    0x00015af8   0x00000020   Data   RO         2777    Region$$Table       anon$$obj.o
    0x00015b18   0x00000110   Data   RO         2638    locale$$data        lc_ctype_c.o(c_w.l)
    0x00015c28   0x0000001c   Data   RO         2641    locale$$data        lc_numeric_c.o(c_w.l)


    Execution Region RW_IRAM (Base: 0x20000000, Size: 0x0000dcc0, Max: 0x00010000, ABSOLUTE, COMPRESSED[0x0000003c])

    Base Addr    Size         Type   Attr      Idx    E Section Name        Object

    0x20000000   0x0000011c   Data   RW         1817    vtable              interrupt.o(driverlib.lib)
    0x2000011c   0x0000004c   Data   RW           93    .data               tasks.o
    0x20000168   0x00000004   Data   RW          125    .data               port.o
    0x2000016c   0x00000018   Data   RW          143    .data               heap_2.o
    0x20000184   0x0000001c   Data   RW          160    .data               uartstdio.o
    0x200001a0   0x00000004   Data   RW          321    .data               sys_arch.o
    0x200001a4   0x0000001c   Data   RW          352    .data               ethisr.o
    0x200001c0   0x0000000c   Data   RW          512    .data               ip.o
    0x200001cc   0x0000000d   Data   RW          574    .data               dns.o
    0x200001d9   0x00000003   PAD
    0x200001dc   0x00000010   Data   RW          611    .data               mem.o
    0x200001ec   0x0000000c   Data   RW          654    .data               netif.o
    0x200001f8   0x00000001   Data   RW          677    .data               pbuf.o
    0x200001f9   0x00000003   PAD
    0x200001fc   0x00000004   Data   RW          700    .data               raw.o
    0x20000200   0x0000004d   Data   RW          749    .data               tcp.o
    0x2000024d   0x00000003   PAD
    0x20000250   0x00000020   Data   RW          770    .data               tcp_in.o
    0x20000270   0x00000004   Data   RW          802    .data               udp.o
    0x20000274   0x0000000c   Data   RW          910    .data               sockets.o
    0x20000280   0x00000010   Data   RW          924    .data               tcpip.o
    0x20000290   0x00000001   Data   RW          979    .data               etharp.o
    0x20000291   0x00000003   PAD
    0x20000294   0x00000008   Data   RW          998    .data               mbportother.o
    0x2000029c   0x00000004   Data   RW         1033    .data               mbporttimer.o
    0x200002a0   0x00000004   Data   RW         1052    .data               mbporttcp.o
    0x200002a4   0x00000004   Data   RW         1067    .data               mbmtcp.o
    0x200002a8   0x00000004   Data   RW         1104    .data               mbm.o
    0x200002ac   0x00000004   Data   RW         1220    .data               mbmascii.o
    0x200002b0   0x00000004   Data   RW         1255    .data               mbmrtu.o
    0x200002b4   0x00000004   Data   RW         1273    .data               mbportevent.o
    0x200002b8   0x00000004   Data   RW         1288    .data               mbportserial.o
    0x200002bc   0x000000fa   Zero   RW           92    .bss                tasks.o
    0x200003b6   0x00000002   PAD
    0x200003b8   0x00002ee0   Zero   RW          142    .bss                heap_2.o
    0x20003298   0x00000140   Zero   RW          157    .bss                uartstdio.o
    0x200033d8   0x00000200   Zero   RW          210    .bss                demo-tcp.o
    0x200035d8   0x00000030   Zero   RW          376    .bss                lwipstack.o
    0x20003608   0x00000010   Zero   RW          486    .bss                inet.o
    0x20003618   0x00000660   Zero   RW          573    .bss                dns.o
    0x20003c78   0x00006014   Zero   RW          610    .bss                mem.o
    0x20009c8c   0x00002c27   Zero   RW          625    .bss                memp.o
    0x2000c8b3   0x00000001   PAD
    0x2000c8b4   0x00000128   Zero   RW          713    .bss                stats.o
    0x2000c9dc   0x00000014   Zero   RW          768    .bss                tcp_in.o
    0x2000c9f0   0x00000050   Zero   RW          908    .bss                sockets.o
    0x2000ca40   0x000000c8   Zero   RW          977    .bss                etharp.o
    0x2000cb08   0x00000100   Zero   RW          997    .bss                mbportother.o
    0x2000cc08   0x00000048   Zero   RW         1032    .bss                mbporttimer.o
    0x2000cc50   0x00000190   Zero   RW         1050    .bss                mbporttcp.o
    0x2000cde0   0x00000114   Zero   RW         1066    .bss                mbmtcp.o
    0x2000cef4   0x000000a0   Zero   RW         1103    .bss                mbm.o
    0x2000cf94   0x00000230   Zero   RW         1219    .bss                mbmascii.o
    0x2000d1c4   0x00000230   Zero   RW         1254    .bss                mbmrtu.o
    0x2000d3f4   0x00000020   Zero   RW         1272    .bss                mbportevent.o
    0x2000d414   0x00000030   Zero   RW         1287    .bss                mbportserial.o
    0x2000d444   0x00000018   Zero   RW         1305    .bss                drvserial.o
    0x2000d45c   0x00000060   Zero   RW         2568    .bss                libspace.o(c_w.l)
    0x2000d4bc   0x00000004   PAD
    0x2000d4c0   0x00000000   Zero   RW            2    HEAP                startup.o
    0x2000d4c0   0x00000800   Zero   RW            1    STACK               startup.o

